 mirageTracking_sfun

 Timestamp is 55d60b67 (Thu Aug 20 12:16:23 2015)

 Preferred load address is 0000000180000000

 Start         Length     Name                   Class
 0001:00000000 000184c4H .text                   CODE
 0001:000184d0 00000092H .text$x                 CODE
 0002:00000000 000004f8H .idata$5                DATA
 0002:000004f8 00000008H .CRT$XCA                DATA
 0002:00000500 00000008H .CRT$XCZ                DATA
 0002:00000508 00000008H .CRT$XIA                DATA
 0002:00000510 00000008H .CRT$XIAA               DATA
 0002:00000518 00000008H .CRT$XIZ                DATA
 0002:00000520 000006ccH .rdata                  DATA
 0002:00000bf0 00000008H .rtc$IAA                DATA
 0002:00000bf8 00000008H .rtc$IZZ                DATA
 0002:00000c00 00000008H .rtc$TAA                DATA
 0002:00000c08 00000008H .rtc$TZZ                DATA
 0002:00000c10 0000094cH .xdata                  DATA
 0002:0000155c 000000a0H .idata$2                DATA
 0002:000015fc 00000014H .idata$3                DATA
 0002:00001610 000004f8H .idata$4                DATA
 0002:00001b08 00000e38H .idata$6                DATA
 0002:00002940 00000059H .edata                  DATA
 0003:00000000 00001fb8H .data                   DATA
 0003:00001fc0 000006c8H .bss                    DATA
 0004:00000000 00000b1cH .pdata                  DATA

  Address         Publics by Value              Rva+Base               Lib:Object

 0000:00000000       ___safe_se_handler_count   0000000000000000     <absolute>
 0000:00000000       ___safe_se_handler_table   0000000000000000     <absolute>
 0000:00000000       __ImageBase                0000000180000000     <linker-defined>
 0001:00000000       mirageTracking_initializer 0000000180001000 f   mirageTracking_sfun.obj
 0001:00000010       mirageTracking_terminator  0000000180001010 f   mirageTracking_sfun.obj
 0001:00000020       sf_mirageTracking_method_dispatcher 0000000180001020 f   mirageTracking_sfun.obj
 0001:00000070       sf_mirageTracking_uses_exported_functions 0000000180001070 f   mirageTracking_sfun.obj
 0001:000000b0       sf_mirageTracking_process_check_sum_call 00000001800010b0 f   mirageTracking_sfun.obj
 0001:00000440       sf_mirageTracking_autoinheritance_info 0000000180001440 f   mirageTracking_sfun.obj
 0001:000005b0       sf_mirageTracking_get_eml_resolved_functions_info 00000001800015b0 f   mirageTracking_sfun.obj
 0001:000006e0       sf_mirageTracking_third_party_uses_info 00000001800016e0 f   mirageTracking_sfun.obj
 0001:00000830       sf_mirageTracking_jit_fallback_info 0000000180001830 f   mirageTracking_sfun.obj
 0001:00000980       sf_mirageTracking_updateBuildInfo_args_info 0000000180001980 f   mirageTracking_sfun.obj
 0001:00000ad0       sf_mirageTracking_get_post_codegen_info 0000000180001ad0 f   mirageTracking_sfun.obj
 0001:00000ba0       mirageTracking_debug_initialize 0000000180001ba0 f   mirageTracking_sfun.obj
 0001:00000c20       mirageTracking_register_exported_symbols 0000000180001c20 f   mirageTracking_sfun.obj
 0001:00000c30       load_mirageTracking_optimization_info 0000000180001c30 f   mirageTracking_sfun.obj
 0001:00000c80       unload_mirageTracking_optimization_info 0000000180001c80 f   mirageTracking_sfun.obj
 0001:00000cb0       sf_c1_mirageTracking_get_eml_resolved_functions_info 0000000180001cb0 f   c1_mirageTracking.obj
 0001:00001080       sf_c1_mirageTracking_get_check_sum 0000000180002080 f   c1_mirageTracking.obj
 0001:00001100       sf_c1_mirageTracking_get_autoinheritance_info 0000000180002100 f   c1_mirageTracking.obj
 0001:000018e0       sf_c1_mirageTracking_third_party_uses_info 00000001800028e0 f   c1_mirageTracking.obj
 0001:00001930       sf_c1_mirageTracking_jit_fallback_info 0000000180002930 f   c1_mirageTracking.obj
 0001:00001a70       sf_c1_mirageTracking_updateBuildInfo_args_info 0000000180002a70 f   c1_mirageTracking.obj
 0001:00001aa0       sf_c1_mirageTracking_get_post_codegen_info 0000000180002aa0 f   c1_mirageTracking.obj
 0001:00001b70       c1_mirageTracking_method_dispatcher 0000000180002b70 f   c1_mirageTracking.obj
 0001:00010250       sf_process_check_sum_call  0000000180011250 f   mirageTracking_sfun_registry.obj
 0001:000102a0       sf_process_machine_uses_exported_functions_call 00000001800112a0 f   mirageTracking_sfun_registry.obj
 0001:000103f0       sf_process_autoinheritance_call 00000001800113f0 f   mirageTracking_sfun_registry.obj
 0001:00010590       sf_process_get_third_party_uses_info_call 0000000180011590 f   mirageTracking_sfun_registry.obj
 0001:00010730       sf_process_get_jit_fallback_info_call 0000000180011730 f   mirageTracking_sfun_registry.obj
 0001:000108d0       sf_process_get_updateBuildInfo_args_info_call 00000001800118d0 f   mirageTracking_sfun_registry.obj
 0001:00010a70       sf_process_get_eml_resolved_functions_info_call 0000000180011a70 f   mirageTracking_sfun_registry.obj
 0001:00010bf0       sf_process_get_post_codegen_info 0000000180011bf0 f   mirageTracking_sfun_registry.obj
 0001:00010d40       sf_mex_unlock_call         0000000180011d40 f   mirageTracking_sfun_registry.obj
 0001:00010df0       sf_machine_global_initializer_called 0000000180011df0 f   mirageTracking_sfun_registry.obj
 0001:00010e20       sf_machine_global_method_dispatcher 0000000180011e20 f   mirageTracking_sfun_registry.obj
 0001:00010e80       sf_machine_global_terminator 0000000180011e80 f   mirageTracking_sfun_registry.obj
 0001:00010ed0       sf_register_machine_exported_symbols 0000000180011ed0 f   mirageTracking_sfun_registry.obj
 0001:00010ef0       callCustomFcn              0000000180011ef0 f   mirageTracking_sfun_registry.obj
 0001:00010f00       sf_machine_global_initializer 0000000180011f00 f   mirageTracking_sfun_registry.obj
 0001:00010f80       mdlGetSimState             0000000180011f80 f   mirageTracking_sfun_registry.obj
 0001:00011000       mdlSetSimState             0000000180012000 f   mirageTracking_sfun_registry.obj
 0001:00011040       _ssSetStateAbsTol          0000000180012040 f   mirageTracking_sfun_registry.obj
 0001:00011120       _ssGetAbsTol               0000000180012120 f   mirageTracking_sfun_registry.obj
 0001:00011190       _ssSetInputPortMatrixDimensions 0000000180012190 f   mirageTracking_sfun_registry.obj
 0001:000112a0       _ssSetOutputPortMatrixDimensions 00000001800122a0 f   mirageTracking_sfun_registry.obj
 0001:000113b0       _ssSetInputPortVectorDimension 00000001800123b0 f   mirageTracking_sfun_registry.obj
 0001:00011480       _ssSetOutputPortVectorDimension 0000000180012480 f   mirageTracking_sfun_registry.obj
 0001:00011550       _ssSetSymbolicDimsSupport  0000000180012550 f   mirageTracking_sfun_registry.obj
 0001:000115c0       _ssRegisterSymbolicDimsExpr 00000001800125c0 f   mirageTracking_sfun_registry.obj
 0001:00011640       _ssRegisterSymbolicDims    0000000180012640 f   mirageTracking_sfun_registry.obj
 0001:000116e0       _ssRegisterSymbolicDimsString 00000001800126e0 f   mirageTracking_sfun_registry.obj
 0001:00011760       _ssRegisterSymbolicDimsIntValue 0000000180012760 f   mirageTracking_sfun_registry.obj
 0001:000117d0       _ssRegisterSymbolicDimsPlus 00000001800127d0 f   mirageTracking_sfun_registry.obj
 0001:00011850       _ssRegisterSymbolicDimsMinus 0000000180012850 f   mirageTracking_sfun_registry.obj
 0001:000118d0       _ssRegisterSymbolicDimsMultiply 00000001800128d0 f   mirageTracking_sfun_registry.obj
 0001:00011950       _ssRegisterSymbolicDimsDivide 0000000180012950 f   mirageTracking_sfun_registry.obj
 0001:000119d0       _ssGetNumSymbolicDims      00000001800129d0 f   mirageTracking_sfun_registry.obj
 0001:00011a40       _ssGetSymbolicDim          0000000180012a40 f   mirageTracking_sfun_registry.obj
 0001:00011ac0       _ssSetInputPortSymbolicDimsId 0000000180012ac0 f   mirageTracking_sfun_registry.obj
 0001:00011b30       _ssGetCompInputPortSymbolicDimsId 0000000180012b30 f   mirageTracking_sfun_registry.obj
 0001:00011ba0       _ssSetCompInputPortSymbolicDimsId 0000000180012ba0 f   mirageTracking_sfun_registry.obj
 0001:00011c10       _ssSetOutputPortSymbolicDimsId 0000000180012c10 f   mirageTracking_sfun_registry.obj
 0001:00011c80       _ssGetCompOutputPortSymbolicDimsId 0000000180012c80 f   mirageTracking_sfun_registry.obj
 0001:00011cf0       _ssSetCompOutputPortSymbolicDimsId 0000000180012cf0 f   mirageTracking_sfun_registry.obj
 0001:00011d60       _ssSetCompDWorkSymbolicDimsId 0000000180012d60 f   mirageTracking_sfun_registry.obj
 0001:00011dd0       ssIsRunTimeParamTunable    0000000180012dd0 f   mirageTracking_sfun_registry.obj
 0001:00011e40       ssGetSFuncBlockHandle      0000000180012e40 f   mirageTracking_sfun_registry.obj
 0001:00011eb0       _ssGetCurrentInputPortWidth 0000000180012eb0 f   mirageTracking_sfun_registry.obj
 0001:00011fd0       _ssGetCurrentOutputPortWidth 0000000180012fd0 f   mirageTracking_sfun_registry.obj
 0001:000120f0       _ssGetCallSystemNumFcnCallDestinations 00000001800130f0 f   mirageTracking_sfun_registry.obj
 0001:00012160       ssWarning                  0000000180013160 f   mirageTracking_sfun_registry.obj
 0001:00012270       ssGetIsZeroCrossControlDisabled 0000000180013270 f   mirageTracking_sfun_registry.obj
 0001:000122e0       ssSetIsInputPortUsedForContZcSignal 00000001800132e0 f   mirageTracking_sfun_registry.obj
 0001:00012350       ssSetZcSignalIsZcElementDisc 0000000180013350 f   mirageTracking_sfun_registry.obj
 0001:00012400       ssSetZcSignalName          0000000180013400 f   mirageTracking_sfun_registry.obj
 0001:00012470       ssSetZcSignalWidth         0000000180013470 f   mirageTracking_sfun_registry.obj
 0001:000124e0       ssSetZcSignalZcEventType   00000001800134e0 f   mirageTracking_sfun_registry.obj
 0001:00012550       ssSetZcSignalType          0000000180013550 f   mirageTracking_sfun_registry.obj
 0001:000125c0       ssSetZcSignalZcTol         00000001800135c0 f   mirageTracking_sfun_registry.obj
 0001:00012630       ssSetZcSignalNeedsEventNotification 0000000180013630 f   mirageTracking_sfun_registry.obj
 0001:000126a0       ssCreateAndAddZcSignalInfo 00000001800136a0 f   mirageTracking_sfun_registry.obj
 0001:00012710       ssCloneAndAddZcSignalInfo  0000000180013710 f   mirageTracking_sfun_registry.obj
 0001:00012780       ssGetNumZcSignals          0000000180013780 f   mirageTracking_sfun_registry.obj
 0001:000127f0       ssGetZcSignalVector        00000001800137f0 f   mirageTracking_sfun_registry.obj
 0001:00012860       ssGetZcSignalZcEvents      0000000180013860 f   mirageTracking_sfun_registry.obj
 0001:000128d0       ssGetZcSignalName          00000001800138d0 f   mirageTracking_sfun_registry.obj
 0001:00012940       ssGetZcSignalWidth         0000000180013940 f   mirageTracking_sfun_registry.obj
 0001:000129b0       ssGetZcSignalZcEventType   00000001800139b0 f   mirageTracking_sfun_registry.obj
 0001:00012a20       ssGetZcSignalType          0000000180013a20 f   mirageTracking_sfun_registry.obj
 0001:00012a90       ssGetZcSignalZcTol         0000000180013a90 f   mirageTracking_sfun_registry.obj
 0001:00012b10       ssGetZcSignalNeedsEventNotification 0000000180013b10 f   mirageTracking_sfun_registry.obj
 0001:00012b80       ssGetZcSignalIsZcElementDisc 0000000180013b80 f   mirageTracking_sfun_registry.obj
 0001:00012c20       ssGetIsInputPortElementContinuous 0000000180013c20 f   mirageTracking_sfun_registry.obj
 0001:00012cc0       _ssGetInputPortSignalPtrsFcn 0000000180013cc0 f   mirageTracking_sfun_registry.obj
 0001:00012f80       _ssGetInputPortSignalFcn   0000000180013f80 f   mirageTracking_sfun_registry.obj
 0001:000131a0       _ssSetInputPortDirectFeedThroughFcn 00000001800141a0 f   mirageTracking_sfun_registry.obj
 0001:00013300       _ssSetInputPortReusableFcn 0000000180014300 f   mirageTracking_sfun_registry.obj
 0001:000133f0       _ssSetOutputPortReusableFcn 00000001800143f0 f   mirageTracking_sfun_registry.obj
 0001:000134d0       ssGetDTypeIdFromMxArray    00000001800144d0 f   mirageTracking_sfun_registry.obj
 0001:000135f0       ssWriteRTWStr              00000001800145f0 f   mirageTracking_sfun_registry.obj
 0001:00013650       ssWriteRTWMxVectParam      0000000180014650 f   mirageTracking_sfun_registry.obj
 0001:000136b0       ssWriteRTWMx2dMatParam     00000001800146b0 f   mirageTracking_sfun_registry.obj
 0001:00013730       ssWriteRTWNameValuePair    0000000180014730 f   mirageTracking_sfun_registry.obj
 0001:00013c20       ssWriteRTWParameters       0000000180014c20 f   mirageTracking_sfun_registry.obj
 0001:00014220       ssWriteRTWParamSettings    0000000180015220 f   mirageTracking_sfun_registry.obj
 0001:000148f0       ssWriteRTWWorkVect         00000001800158f0 f   mirageTracking_sfun_registry.obj
 0001:00014df0       mexFunction                0000000180015df0 f   mirageTracking_sfun_registry.obj
 0001:00017610       ProcessMexSfunctionEveryCall 0000000180018610 f   mirageTracking_sfun_registry.obj
 0001:000177a6       sf_debug_set_machine_data_thresholds 00000001800187a6 f   sf_runtime:sf_runtime.dll
 0001:000177ac       sf_debug_set_machine_event_thresholds 00000001800187ac f   sf_runtime:sf_runtime.dll
 0001:000177b2       sf_debug_initialize_machine 00000001800187b2 f   sf_runtime:sf_runtime.dll
 0001:000177b8       sf_load_rtw_optimization_info 00000001800187b8 f   sf_runtime:sf_runtime.dll
 0001:000177be       sf_mex_emlrtNameCapturePostProcessR2012a 00000001800187be f   sf_runtime:sf_runtime.dll
 0001:000177c4       sf_mex_assign              00000001800187c4 f   sf_runtime:sf_runtime.dll
 0001:000177ca       sf_mex_createstruct        00000001800187ca f   sf_runtime:sf_runtime.dll
 0001:000177d0       sf_mex_destroy             00000001800187d0 f   sf_runtime:sf_runtime.dll
 0001:000177d6       sf_mex_duplicatearraysafe  00000001800187d6 f   sf_runtime:sf_runtime.dll
 0001:000177dc       sf_mex_createcellmatrix    00000001800187dc f   sf_runtime:sf_runtime.dll
 0001:000177e2       sf_mex_addfield            00000001800187e2 f   sf_runtime:sf_runtime.dll
 0001:000177e8       sf_mex_create              00000001800187e8 f   sf_runtime:sf_runtime.dll
 0001:000177ee       sf_mex_error_message       00000001800187ee f   sf_runtime:sf_runtime.dll
 0001:000177f4       sf_set_rtw_dwork_info      00000001800187f4 f   sf_runtime:sf_runtime.dll
 0001:000177fa       sf_mark_chart_reusable_outputs 00000001800187fa f   sf_runtime:sf_runtime.dll
 0001:00017800       sf_mark_chart_expressionable_inputs 0000000180018800 f   sf_runtime:sf_runtime.dll
 0001:00017806       sf_update_buildInfo        0000000180018806 f   sf_runtime:sf_runtime.dll
 0001:0001780c       sf_rtw_info_uint_prop      000000018001880c f   sf_runtime:sf_runtime.dll
 0001:00017812       sf_is_chart_inlinable      0000000180018812 f   sf_runtime:sf_runtime.dll
 0001:00017818       sim_mode_is_external       0000000180018818 f   sf_runtime:sf_runtime.dll
 0001:0001781e       sim_mode_is_rtw_gen        000000018001881e f   sf_runtime:sf_runtime.dll
 0001:00017824       sf_runtime_overflow_check_is_on 0000000180018824 f   sf_runtime:sf_runtime.dll
 0001:0001782a       ssGetOutputPortSignal_wrapper 000000018001882a f   sf_runtime:sf_runtime.dll
 0001:00017830       ssGetInputPortSignal_wrapper 0000000180018830 f   sf_runtime:sf_runtime.dll
 0001:00017836       sf_mex_decode_encoded_mx_struct_array 0000000180018836 f   sf_runtime:sf_runtime.dll
 0001:0001783c       sf_debug_reset_current_state_configuration 000000018001883c f   sf_runtime:sf_runtime.dll
 0001:00017842       sf_debug_set_chart_data_compiled_props 0000000180018842 f   sf_runtime:sf_runtime.dll
 0001:00017848       cv_script_init_fcn         0000000180018848 f   sf_runtime:sf_runtime.dll
 0001:0001784e       cv_script_init_script      000000018001884e f   sf_runtime:sf_runtime.dll
 0001:00017854       cv_eml_init_relational     0000000180018854 f   sf_runtime:sf_runtime.dll
 0001:0001785a       cv_eml_init_for            000000018001885a f   sf_runtime:sf_runtime.dll
 0001:00017860       cv_eml_init_if             0000000180018860 f   sf_runtime:sf_runtime.dll
 0001:00017866       cv_eml_init_fcn            0000000180018866 f   sf_runtime:sf_runtime.dll
 0001:0001786c       cv_eml_init_script         000000018001886c f   sf_runtime:sf_runtime.dll
 0001:00017872       sf_debug_cv_init_trans     0000000180018872 f   sf_runtime:sf_runtime.dll
 0001:00017878       sf_debug_cv_init_state     0000000180018878 f   sf_runtime:sf_runtime.dll
 0001:0001787e       sf_debug_cv_init_chart     000000018001887e f   sf_runtime:sf_runtime.dll
 0001:00017884       sf_debug_set_chart_decomposition 0000000180018884 f   sf_runtime:sf_runtime.dll
 0001:0001788a       sf_debug_set_chart_substate_count 000000018001888a f   sf_runtime:sf_runtime.dll
 0001:00017890       sf_debug_set_chart_state_info 0000000180018890 f   sf_runtime:sf_runtime.dll
 0001:00017896       sf_debug_set_chart_data_props 0000000180018896 f   sf_runtime:sf_runtime.dll
 0001:0001789c       sf_debug_set_chart_event_thresholds 000000018001889c f   sf_runtime:sf_runtime.dll
 0001:000178a2       sf_debug_set_chart_disable_implicit_casting 00000001800188a2 f   sf_runtime:sf_runtime.dll
 0001:000178a8       sf_debug_initialize_chart  00000001800188a8 f   sf_runtime:sf_runtime.dll
 0001:000178ae       sf_debug_set_script_translation 00000001800188ae f   sf_runtime:sf_runtime.dll
 0001:000178b4       sf_debug_get_script_id     00000001800188b4 f   sf_runtime:sf_runtime.dll
 0001:000178ba       sf_mex_dup                 00000001800188ba f   sf_runtime:sf_runtime.dll
 0001:000178c0       sf_mex_import              00000001800188c0 f   sf_runtime:sf_runtime.dll
 0001:000178c6       sf_get_time                00000001800188c6 f   sf_runtime:sf_runtime.dll
 0001:000178cc       sf_is_first_init_cond      00000001800188cc f   sf_runtime:sf_runtime.dll
 0001:000178d2       sf_debug_set_instance_data_value_ptr 00000001800188d2 f   sf_runtime:sf_runtime.dll
 0001:000178d8       sf_debug_check_for_state_inconsistency 00000001800188d8 f   sf_runtime:sf_runtime.dll
 0001:000178de       sf_debug_symbol_scope_pop  00000001800188de f   sf_runtime:sf_runtime.dll
 0001:000178e4       sf_debug_data_range_wrapper 00000001800188e4 f   sf_runtime:sf_runtime.dll
 0001:000178ea       sf_debug_call              00000001800188ea f   sf_runtime:sf_runtime.dll
 0001:000178f0       sf_debug_symbol_scope_push 00000001800188f0 f   sf_runtime:sf_runtime.dll
 0001:000178f6       sf_mex_call_debug          00000001800188f6 f   sf_runtime:sf_runtime.dll
 0001:000178fc       sf_mex_listen_for_ctrl_c_with_debugger 00000001800188fc f   sf_runtime:sf_runtime.dll
 0001:00017902       sf_debug_sub_assign_size_check_nd 0000000180018902 f   sf_runtime:sf_runtime.dll
 0001:00017908       sf_debug_eml_data_array_bounds_error_check 0000000180018908 f   sf_runtime:sf_runtime.dll
 0001:0001790e       cv_eval_relational         000000018001890e f   sf_runtime:sf_runtime.dll
 0001:00017914       sf_debug_symbol_switch     0000000180018914 f   sf_runtime:sf_runtime.dll
 0001:0001791a       eml_debug_line_call        000000018001891a f   sf_runtime:sf_runtime.dll
 0001:00017920       cv_eml_eval                0000000180018920 f   sf_runtime:sf_runtime.dll
 0001:00017926       sf_debug_symbol_scope_add_eml_dyn_importable 0000000180018926 f   sf_runtime:sf_runtime.dll
 0001:0001792c       sf_debug_symbol_scope_add_eml_importable 000000018001892c f   sf_runtime:sf_runtime.dll
 0001:00017932       sf_debug_symbol_scope_add_eml 0000000180018932 f   sf_runtime:sf_runtime.dll
 0001:00017938       sf_debug_symbol_scope_push_eml 0000000180018938 f   sf_runtime:sf_runtime.dll
 0001:0001793e       cv_script_eval             000000018001893e f   sf_runtime:sf_runtime.dll
 0001:00017944       sf_mex_import_vs           0000000180018944 f   sf_runtime:sf_runtime.dll
 0001:0001794a       sf_mex_setcell             000000018001894a f   sf_runtime:sf_runtime.dll
 0001:00017950       sf_mex_getcell             0000000180018950 f   sf_runtime:sf_runtime.dll
 0001:00017956       sf_clear_rtw_identifier    0000000180018956 f   sf_runtime:sf_runtime.dll
 0001:0001795c       sf_debug_terminate         000000018001895c f   sf_runtime:sf_runtime.dll
 0001:00017962       sf_debug_create_debug_instance_struct 0000000180018962 f   sf_runtime:sf_runtime.dll
 0001:00017968       sf_debug_api               0000000180018968 f   sf_runtime:sf_runtime.dll
 0001:0001796e       callMdlMethodAndReportError 000000018001896e f   sf_runtime:sf_runtime.dll
 0001:00017974       call_sf_machine_global_method_dispatcher 0000000180018974 f   sf_runtime:sf_runtime.dll
 0001:0001797a       sf_clear_error_manager_info 000000018001897a f   sf_runtime:sf_runtime.dll
 0001:00017980       sf_mex_error_direct_call   0000000180018980 f   sf_runtime:sf_runtime.dll
 0001:00017986       mxCreateLogicalScalar      0000000180018986 f   libmx:libmx.dll
 0001:0001798c       mxGetScalar                000000018001898c f   libmx:libmx.dll
 0001:00017992       mxGetPr                    0000000180018992 f   libmx:libmx.dll
 0001:00017998       mxCreateDoubleMatrix_730   0000000180018998 f   libmx:libmx.dll
 0001:0001799e       mxGetString_730            000000018001899e f   libmx:libmx.dll
 0001:000179a4       mxIsChar                   00000001800189a4 f   libmx:libmx.dll
 0001:000179aa       mxDestroyArray             00000001800189aa f   libmx:libmx.dll
 0001:000179b0       mxDuplicateArray           00000001800189b0 f   libmx:libmx.dll
 0001:000179b6       mxCreateDoubleScalar       00000001800189b6 f   libmx:libmx.dll
 0001:000179bc       mxSetField_730             00000001800189bc f   libmx:libmx.dll
 0001:000179c2       mxCreateString             00000001800189c2 f   libmx:libmx.dll
 0001:000179c8       mxCreateStructMatrix_730   00000001800189c8 f   libmx:libmx.dll
 0001:000179ce       mxSetCell_730              00000001800189ce f   libmx:libmx.dll
 0001:000179d4       mxCreateCellMatrix_730     00000001800189d4 f   libmx:libmx.dll
 0001:000179da       mxCreateCellArray_730      00000001800189da f   libmx:libmx.dll
 0001:000179e0       mxCreateStructArray_730    00000001800189e0 f   libmx:libmx.dll
 0001:000179e6       mxGetClassID               00000001800189e6 f   libmx:libmx.dll
 0001:000179ec       mxIsNumeric                00000001800189ec f   libmx:libmx.dll
 0001:000179f2       mxIsComplex                00000001800189f2 f   libmx:libmx.dll
 0001:000179f8       mxGetN                     00000001800189f8 f   libmx:libmx.dll
 0001:000179fe       mxGetM                     00000001800189fe f   libmx:libmx.dll
 0001:00017a04       mxCalloc                   0000000180018a04 f   libmx:libmx.dll
 0001:00017a0a       mexMakeArrayPersistent     0000000180018a0a f   libmex:libmex.dll
 0001:00017a10       mexUnlock                  0000000180018a10 f   libmex:libmex.dll
 0001:00017a16       mexIsLocked                0000000180018a16 f   libmex:libmex.dll
 0001:00017a1c       mexWarnMsgTxt              0000000180018a1c f   libmex:libmex.dll
 0001:00017a22       mexCallMATLABWithObject    0000000180018a22 f   libmex:libmex.dll
 0001:00017a28       mexErrMsgTxt               0000000180018a28 f   libmex:libmex.dll
 0001:00017a2e       mexLock                    0000000180018a2e f   libmex:libmex.dll
 0001:00017a34       utMalloc                   0000000180018a34 f   libut:libut.dll
 0001:00017a3a       utFree                     0000000180018a3a f   libut:libut.dll
 0001:00017a40       muDoubleScalarIsNaN        0000000180018a40 f   libmwmathutil:libmwmathutil.dll
 0001:00017a46       ippMedianFilter_real32     0000000180018a46 f   libmwippmedianfilter:libmwippmedianfilter.dll
 0001:00017a4c       __GSHandlerCheckCommon     0000000180018a4c f   MSVCRT:gshandler.obj
 0001:00017ab0       __GSHandlerCheck           0000000180018ab0 f   MSVCRT:gshandler.obj
 0001:00017ace       strcmp                     0000000180018ace f   MSVCRT:MSVCR100.dll
 0001:00017af0       __security_check_cookie    0000000180018af0 f   MSVCRT:amdsecgs.obj
 0001:00017b10       strlen                     0000000180018b10 f   MSVCRT:MSVCR100.dll
 0001:00017b16       memset                     0000000180018b16 f   MSVCRT:MSVCR100.dll
 0001:00017b30       _alloca_probe              0000000180018b30     MSVCRT:chkstk.obj
 0001:00017b30       __chkstk                   0000000180018b30 f   MSVCRT:chkstk.obj
 0001:00017b7e       free                       0000000180018b7e f   MSVCRT:MSVCR100.dll
 0001:00017b84       sprintf                    0000000180018b84 f   MSVCRT:MSVCR100.dll
 0001:00017b8a       malloc                     0000000180018b8a f   MSVCRT:MSVCR100.dll
 0001:00017b90       strcat                     0000000180018b90 f   MSVCRT:MSVCR100.dll
 0001:00017b96       memcpy                     0000000180018b96 f   MSVCRT:MSVCR100.dll
 0001:00017b9c       NtCurrentTeb               0000000180018b9c f i MSVCRT:crtdll.obj
 0001:00017c08       _CRT_INIT                  0000000180018c08 f   MSVCRT:crtdll.obj
 0001:00017fa0       _DllMainCRTStartup         0000000180018fa0 f   MSVCRT:crtdll.obj
 0001:00017fe0       __report_gsfailure         0000000180018fe0 f   MSVCRT:gs_report.obj
 0001:0001812c       __clean_type_info_names    000000018001912c f   MSVCRT:tncleanup.obj
 0001:00018138       _onexit                    0000000180019138 f   MSVCRT:atonexit.obj
 0001:000181e8       atexit                     00000001800191e8 f   MSVCRT:atonexit.obj
 0001:00018200       _RTC_Initialize            0000000180019200 f   MSVCRT:_initsect_.obj
 0001:00018238       _RTC_Terminate             0000000180019238 f   MSVCRT:_initsect_.obj
 0001:00018270       _malloc_crt                0000000180019270 f   MSVCRT:MSVCR100.dll
 0001:00018280       _ValidateImageBase         0000000180019280 f   MSVCRT:pesect.obj
 0001:000182b0       _FindPESection             00000001800192b0 f   MSVCRT:pesect.obj
 0001:00018300       _IsNonwritableInCurrentImage 0000000180019300 f   MSVCRT:pesect.obj
 0001:00018342       _initterm                  0000000180019342 f   MSVCRT:MSVCR100.dll
 0001:00018348       _initterm_e                0000000180019348 f   MSVCRT:MSVCR100.dll
 0001:0001834e       _encoded_null              000000018001934e f   MSVCRT:MSVCR100.dll
 0001:00018354       _amsg_exit                 0000000180019354 f   MSVCRT:MSVCR100.dll
 0001:0001835a       __C_specific_handler       000000018001935a f   MSVCRT:MSVCR100.dll
 0001:00018360       __CppXcptFilter            0000000180019360 f   MSVCRT:MSVCR100.dll
 0001:00018368       DllMain                    0000000180019368 f   MSVCRT:dllmain.obj
 0001:0001838c       __security_init_cookie     000000018001938c f   MSVCRT:gs_support.obj
 0001:00018440       __crt_debugger_hook        0000000180019440 f   MSVCRT:MSVCR100.dll
 0001:00018446       __clean_type_info_names_internal 0000000180019446 f   MSVCRT:MSVCR100.dll
 0001:0001844c       _unlock                    000000018001944c f   MSVCRT:MSVCR100.dll
 0001:00018452       __dllonexit                0000000180019452 f   MSVCRT:MSVCR100.dll
 0001:00018458       _lock                      0000000180019458 f   MSVCRT:MSVCR100.dll
 0001:0001845e       EncodePointer              000000018001945e f   kernel32:KERNEL32.dll
 0001:00018464       DecodePointer              0000000180019464 f   kernel32:KERNEL32.dll
 0001:0001846a       Sleep                      000000018001946a f   kernel32:KERNEL32.dll
 0001:00018470       TerminateProcess           0000000180019470 f   kernel32:KERNEL32.dll
 0001:00018476       GetCurrentProcess          0000000180019476 f   kernel32:KERNEL32.dll
 0001:0001847c       UnhandledExceptionFilter   000000018001947c f   kernel32:KERNEL32.dll
 0001:00018482       SetUnhandledExceptionFilter 0000000180019482 f   kernel32:KERNEL32.dll
 0001:00018488       IsDebuggerPresent          0000000180019488 f   kernel32:KERNEL32.dll
 0001:0001848e       RtlVirtualUnwind           000000018001948e f   kernel32:KERNEL32.dll
 0001:00018494       RtlLookupFunctionEntry     0000000180019494 f   kernel32:KERNEL32.dll
 0001:0001849a       RtlCaptureContext          000000018001949a f   kernel32:KERNEL32.dll
 0001:000184a0       DisableThreadLibraryCalls  00000001800194a0 f   kernel32:KERNEL32.dll
 0001:000184a6       QueryPerformanceCounter    00000001800194a6 f   kernel32:KERNEL32.dll
 0001:000184ac       GetTickCount               00000001800194ac f   kernel32:KERNEL32.dll
 0001:000184b2       GetCurrentThreadId         00000001800194b2 f   kernel32:KERNEL32.dll
 0001:000184b8       GetCurrentProcessId        00000001800194b8 f   kernel32:KERNEL32.dll
 0001:000184be       GetSystemTimeAsFileTime    00000001800194be f   kernel32:KERNEL32.dll
 0002:00000000       __imp_GetCurrentProcessId  000000018001a000     kernel32:KERNEL32.dll
 0002:00000008       __imp_GetCurrentThreadId   000000018001a008     kernel32:KERNEL32.dll
 0002:00000010       __imp_GetTickCount         000000018001a010     kernel32:KERNEL32.dll
 0002:00000018       __imp_QueryPerformanceCounter 000000018001a018     kernel32:KERNEL32.dll
 0002:00000020       __imp_DisableThreadLibraryCalls 000000018001a020     kernel32:KERNEL32.dll
 0002:00000028       __imp_RtlCaptureContext    000000018001a028     kernel32:KERNEL32.dll
 0002:00000030       __imp_RtlLookupFunctionEntry 000000018001a030     kernel32:KERNEL32.dll
 0002:00000038       __imp_RtlVirtualUnwind     000000018001a038     kernel32:KERNEL32.dll
 0002:00000040       __imp_IsDebuggerPresent    000000018001a040     kernel32:KERNEL32.dll
 0002:00000048       __imp_SetUnhandledExceptionFilter 000000018001a048     kernel32:KERNEL32.dll
 0002:00000050       __imp_UnhandledExceptionFilter 000000018001a050     kernel32:KERNEL32.dll
 0002:00000058       __imp_GetCurrentProcess    000000018001a058     kernel32:KERNEL32.dll
 0002:00000060       __imp_TerminateProcess     000000018001a060     kernel32:KERNEL32.dll
 0002:00000068       __imp_Sleep                000000018001a068     kernel32:KERNEL32.dll
 0002:00000070       __imp_DecodePointer        000000018001a070     kernel32:KERNEL32.dll
 0002:00000078       __imp_EncodePointer        000000018001a078     kernel32:KERNEL32.dll
 0002:00000080       __imp_GetSystemTimeAsFileTime 000000018001a080     kernel32:KERNEL32.dll
 0002:00000088       \177KERNEL32_NULL_THUNK_DATA 000000018001a088     kernel32:KERNEL32.dll
 0002:00000090       __imp__onexit              000000018001a090     MSVCRT:MSVCR100.dll
 0002:00000098       __imp__lock                000000018001a098     MSVCRT:MSVCR100.dll
 0002:000000a0       __imp___dllonexit          000000018001a0a0     MSVCRT:MSVCR100.dll
 0002:000000a8       __imp__unlock              000000018001a0a8     MSVCRT:MSVCR100.dll
 0002:000000b0       __imp___clean_type_info_names_internal 000000018001a0b0     MSVCRT:MSVCR100.dll
 0002:000000b8       __imp___crt_debugger_hook  000000018001a0b8     MSVCRT:MSVCR100.dll
 0002:000000c0       __imp___CppXcptFilter      000000018001a0c0     MSVCRT:MSVCR100.dll
 0002:000000c8       __imp___C_specific_handler 000000018001a0c8     MSVCRT:MSVCR100.dll
 0002:000000d0       __imp__amsg_exit           000000018001a0d0     MSVCRT:MSVCR100.dll
 0002:000000d8       __imp__encoded_null        000000018001a0d8     MSVCRT:MSVCR100.dll
 0002:000000e0       __imp__initterm_e          000000018001a0e0     MSVCRT:MSVCR100.dll
 0002:000000e8       __imp__initterm            000000018001a0e8     MSVCRT:MSVCR100.dll
 0002:000000f0       __imp__malloc_crt          000000018001a0f0     MSVCRT:MSVCR100.dll
 0002:000000f8       __imp_memcpy               000000018001a0f8     MSVCRT:MSVCR100.dll
 0002:00000100       __imp_strcat               000000018001a100     MSVCRT:MSVCR100.dll
 0002:00000108       __imp_malloc               000000018001a108     MSVCRT:MSVCR100.dll
 0002:00000110       __imp_sprintf              000000018001a110     MSVCRT:MSVCR100.dll
 0002:00000118       __imp_free                 000000018001a118     MSVCRT:MSVCR100.dll
 0002:00000120       __imp_memset               000000018001a120     MSVCRT:MSVCR100.dll
 0002:00000128       __imp_strlen               000000018001a128     MSVCRT:MSVCR100.dll
 0002:00000130       __imp_strcmp               000000018001a130     MSVCRT:MSVCR100.dll
 0002:00000138       \177MSVCR100_NULL_THUNK_DATA 000000018001a138     MSVCRT:MSVCR100.dll
 0002:00000140       __imp_mexErrMsgTxt         000000018001a140     libmex:libmex.dll
 0002:00000148       __imp_mexUnlock            000000018001a148     libmex:libmex.dll
 0002:00000150       __imp_mexIsLocked          000000018001a150     libmex:libmex.dll
 0002:00000158       __imp_mexWarnMsgTxt        000000018001a158     libmex:libmex.dll
 0002:00000160       __imp_mexLock              000000018001a160     libmex:libmex.dll
 0002:00000168       __imp_mexMakeArrayPersistent 000000018001a168     libmex:libmex.dll
 0002:00000170       __imp_mexCallMATLABWithObject 000000018001a170     libmex:libmex.dll
 0002:00000178       \177libmex_NULL_THUNK_DATA 000000018001a178     libmex:libmex.dll
 0002:00000180       __imp_ippMedianFilter_real32 000000018001a180     libmwippmedianfilter:libmwippmedianfilter.dll
 0002:00000188       \177libmwippmedianfilter_NULL_THUNK_DATA 000000018001a188     libmwippmedianfilter:libmwippmedianfilter.dll
 0002:00000190       __imp_muDoubleScalarIsNaN  000000018001a190     libmwmathutil:libmwmathutil.dll
 0002:00000198       \177libmwmathutil_NULL_THUNK_DATA 000000018001a198     libmwmathutil:libmwmathutil.dll
 0002:000001a0       __imp_mxCalloc             000000018001a1a0     libmx:libmx.dll
 0002:000001a8       __imp_mxGetM               000000018001a1a8     libmx:libmx.dll
 0002:000001b0       __imp_mxGetN               000000018001a1b0     libmx:libmx.dll
 0002:000001b8       __imp_mxIsComplex          000000018001a1b8     libmx:libmx.dll
 0002:000001c0       __imp_mxIsNumeric          000000018001a1c0     libmx:libmx.dll
 0002:000001c8       __imp_mxGetClassID         000000018001a1c8     libmx:libmx.dll
 0002:000001d0       __imp_mxCreateStructArray_730 000000018001a1d0     libmx:libmx.dll
 0002:000001d8       __imp_mxCreateCellArray_730 000000018001a1d8     libmx:libmx.dll
 0002:000001e0       __imp_mxCreateCellMatrix_730 000000018001a1e0     libmx:libmx.dll
 0002:000001e8       __imp_mxSetCell_730        000000018001a1e8     libmx:libmx.dll
 0002:000001f0       __imp_mxCreateStructMatrix_730 000000018001a1f0     libmx:libmx.dll
 0002:000001f8       __imp_mxCreateString       000000018001a1f8     libmx:libmx.dll
 0002:00000200       __imp_mxSetField_730       000000018001a200     libmx:libmx.dll
 0002:00000208       __imp_mxCreateDoubleScalar 000000018001a208     libmx:libmx.dll
 0002:00000210       __imp_mxDestroyArray       000000018001a210     libmx:libmx.dll
 0002:00000218       __imp_mxIsChar             000000018001a218     libmx:libmx.dll
 0002:00000220       __imp_mxGetString_730      000000018001a220     libmx:libmx.dll
 0002:00000228       __imp_mxCreateDoubleMatrix_730 000000018001a228     libmx:libmx.dll
 0002:00000230       __imp_mxGetPr              000000018001a230     libmx:libmx.dll
 0002:00000238       __imp_mxGetScalar          000000018001a238     libmx:libmx.dll
 0002:00000240       __imp_mxCreateLogicalScalar 000000018001a240     libmx:libmx.dll
 0002:00000248       __imp_mxDuplicateArray     000000018001a248     libmx:libmx.dll
 0002:00000250       \177libmx_NULL_THUNK_DATA  000000018001a250     libmx:libmx.dll
 0002:00000258       __imp_utMalloc             000000018001a258     libut:libut.dll
 0002:00000260       __imp_utFree               000000018001a260     libut:libut.dll
 0002:00000268       \177libut_NULL_THUNK_DATA  000000018001a268     libut:libut.dll
 0002:00000270       __imp_sf_clear_error_manager_info 000000018001a270     sf_runtime:sf_runtime.dll
 0002:00000278       __imp_sf_debug_create_debug_instance_struct 000000018001a278     sf_runtime:sf_runtime.dll
 0002:00000280       __imp_sf_debug_terminate   000000018001a280     sf_runtime:sf_runtime.dll
 0002:00000288       __imp_sf_clear_rtw_identifier 000000018001a288     sf_runtime:sf_runtime.dll
 0002:00000290       __imp_sf_mex_getcell       000000018001a290     sf_runtime:sf_runtime.dll
 0002:00000298       __imp_sf_mex_setcell       000000018001a298     sf_runtime:sf_runtime.dll
 0002:000002a0       __imp_sf_mex_import_vs     000000018001a2a0     sf_runtime:sf_runtime.dll
 0002:000002a8       __imp_cv_script_eval       000000018001a2a8     sf_runtime:sf_runtime.dll
 0002:000002b0       __imp_sf_debug_symbol_scope_push_eml 000000018001a2b0     sf_runtime:sf_runtime.dll
 0002:000002b8       __imp_sf_is_chart_inlinable 000000018001a2b8     sf_runtime:sf_runtime.dll
 0002:000002c0       __imp_sf_debug_symbol_scope_add_eml 000000018001a2c0     sf_runtime:sf_runtime.dll
 0002:000002c8       __imp_sf_debug_symbol_scope_add_eml_importable 000000018001a2c8     sf_runtime:sf_runtime.dll
 0002:000002d0       __imp_sf_debug_symbol_scope_add_eml_dyn_importable 000000018001a2d0     sf_runtime:sf_runtime.dll
 0002:000002d8       __imp_cv_eml_eval          000000018001a2d8     sf_runtime:sf_runtime.dll
 0002:000002e0       __imp_eml_debug_line_call  000000018001a2e0     sf_runtime:sf_runtime.dll
 0002:000002e8       __imp_call_sf_machine_global_method_dispatcher 000000018001a2e8     sf_runtime:sf_runtime.dll
 0002:000002f0       __imp_cv_eval_relational   000000018001a2f0     sf_runtime:sf_runtime.dll
 0002:000002f8       __imp_sf_debug_eml_data_array_bounds_error_check 000000018001a2f8     sf_runtime:sf_runtime.dll
 0002:00000300       __imp_sf_debug_sub_assign_size_check_nd 000000018001a300     sf_runtime:sf_runtime.dll
 0002:00000308       __imp_sf_mex_listen_for_ctrl_c_with_debugger 000000018001a308     sf_runtime:sf_runtime.dll
 0002:00000310       __imp_sf_mex_call_debug    000000018001a310     sf_runtime:sf_runtime.dll
 0002:00000318       __imp_sf_debug_symbol_scope_push 000000018001a318     sf_runtime:sf_runtime.dll
 0002:00000320       __imp_sf_debug_call        000000018001a320     sf_runtime:sf_runtime.dll
 0002:00000328       __imp_sf_debug_data_range_wrapper 000000018001a328     sf_runtime:sf_runtime.dll
 0002:00000330       __imp_sf_debug_symbol_scope_pop 000000018001a330     sf_runtime:sf_runtime.dll
 0002:00000338       __imp_sf_debug_check_for_state_inconsistency 000000018001a338     sf_runtime:sf_runtime.dll
 0002:00000340       __imp_sf_debug_set_instance_data_value_ptr 000000018001a340     sf_runtime:sf_runtime.dll
 0002:00000348       __imp_sf_is_first_init_cond 000000018001a348     sf_runtime:sf_runtime.dll
 0002:00000350       __imp_sf_get_time          000000018001a350     sf_runtime:sf_runtime.dll
 0002:00000358       __imp_sf_mex_import        000000018001a358     sf_runtime:sf_runtime.dll
 0002:00000360       __imp_sf_mex_dup           000000018001a360     sf_runtime:sf_runtime.dll
 0002:00000368       __imp_sf_debug_get_script_id 000000018001a368     sf_runtime:sf_runtime.dll
 0002:00000370       __imp_sf_debug_set_script_translation 000000018001a370     sf_runtime:sf_runtime.dll
 0002:00000378       __imp_callMdlMethodAndReportError 000000018001a378     sf_runtime:sf_runtime.dll
 0002:00000380       __imp_sf_debug_symbol_switch 000000018001a380     sf_runtime:sf_runtime.dll
 0002:00000388       __imp_sf_debug_api         000000018001a388     sf_runtime:sf_runtime.dll
 0002:00000390       __imp_sf_debug_initialize_chart 000000018001a390     sf_runtime:sf_runtime.dll
 0002:00000398       __imp_sf_debug_set_chart_disable_implicit_casting 000000018001a398     sf_runtime:sf_runtime.dll
 0002:000003a0       __imp_sf_debug_set_chart_event_thresholds 000000018001a3a0     sf_runtime:sf_runtime.dll
 0002:000003a8       __imp_sf_debug_set_chart_data_props 000000018001a3a8     sf_runtime:sf_runtime.dll
 0002:000003b0       __imp_sf_debug_set_chart_state_info 000000018001a3b0     sf_runtime:sf_runtime.dll
 0002:000003b8       __imp_sf_debug_set_chart_substate_count 000000018001a3b8     sf_runtime:sf_runtime.dll
 0002:000003c0       __imp_sf_debug_set_chart_decomposition 000000018001a3c0     sf_runtime:sf_runtime.dll
 0002:000003c8       __imp_sf_debug_cv_init_chart 000000018001a3c8     sf_runtime:sf_runtime.dll
 0002:000003d0       __imp_sf_debug_cv_init_state 000000018001a3d0     sf_runtime:sf_runtime.dll
 0002:000003d8       __imp_sf_debug_cv_init_trans 000000018001a3d8     sf_runtime:sf_runtime.dll
 0002:000003e0       __imp_cv_eml_init_script   000000018001a3e0     sf_runtime:sf_runtime.dll
 0002:000003e8       __imp_cv_eml_init_fcn      000000018001a3e8     sf_runtime:sf_runtime.dll
 0002:000003f0       __imp_cv_eml_init_if       000000018001a3f0     sf_runtime:sf_runtime.dll
 0002:000003f8       __imp_cv_eml_init_for      000000018001a3f8     sf_runtime:sf_runtime.dll
 0002:00000400       __imp_cv_eml_init_relational 000000018001a400     sf_runtime:sf_runtime.dll
 0002:00000408       __imp_cv_script_init_script 000000018001a408     sf_runtime:sf_runtime.dll
 0002:00000410       __imp_cv_script_init_fcn   000000018001a410     sf_runtime:sf_runtime.dll
 0002:00000418       __imp_sf_debug_set_chart_data_compiled_props 000000018001a418     sf_runtime:sf_runtime.dll
 0002:00000420       __imp_sf_debug_reset_current_state_configuration 000000018001a420     sf_runtime:sf_runtime.dll
 0002:00000428       __imp_sf_mex_decode_encoded_mx_struct_array 000000018001a428     sf_runtime:sf_runtime.dll
 0002:00000430       __imp_ssGetInputPortSignal_wrapper 000000018001a430     sf_runtime:sf_runtime.dll
 0002:00000438       __imp_ssGetOutputPortSignal_wrapper 000000018001a438     sf_runtime:sf_runtime.dll
 0002:00000440       __imp_sf_runtime_overflow_check_is_on 000000018001a440     sf_runtime:sf_runtime.dll
 0002:00000448       __imp_sim_mode_is_rtw_gen  000000018001a448     sf_runtime:sf_runtime.dll
 0002:00000450       __imp_sim_mode_is_external 000000018001a450     sf_runtime:sf_runtime.dll
 0002:00000458       __imp_sf_rtw_info_uint_prop 000000018001a458     sf_runtime:sf_runtime.dll
 0002:00000460       __imp_sf_update_buildInfo  000000018001a460     sf_runtime:sf_runtime.dll
 0002:00000468       __imp_sf_mark_chart_expressionable_inputs 000000018001a468     sf_runtime:sf_runtime.dll
 0002:00000470       __imp_sf_mark_chart_reusable_outputs 000000018001a470     sf_runtime:sf_runtime.dll
 0002:00000478       __imp_sf_set_rtw_dwork_info 000000018001a478     sf_runtime:sf_runtime.dll
 0002:00000480       __imp_sf_mex_error_message 000000018001a480     sf_runtime:sf_runtime.dll
 0002:00000488       __imp_sf_mex_create        000000018001a488     sf_runtime:sf_runtime.dll
 0002:00000490       __imp_sf_mex_addfield      000000018001a490     sf_runtime:sf_runtime.dll
 0002:00000498       __imp_sf_mex_createcellmatrix 000000018001a498     sf_runtime:sf_runtime.dll
 0002:000004a0       __imp_sf_mex_duplicatearraysafe 000000018001a4a0     sf_runtime:sf_runtime.dll
 0002:000004a8       __imp_sf_mex_destroy       000000018001a4a8     sf_runtime:sf_runtime.dll
 0002:000004b0       __imp_sf_mex_createstruct  000000018001a4b0     sf_runtime:sf_runtime.dll
 0002:000004b8       __imp_sf_mex_assign        000000018001a4b8     sf_runtime:sf_runtime.dll
 0002:000004c0       __imp_sf_mex_emlrtNameCapturePostProcessR2012a 000000018001a4c0     sf_runtime:sf_runtime.dll
 0002:000004c8       __imp_sf_load_rtw_optimization_info 000000018001a4c8     sf_runtime:sf_runtime.dll
 0002:000004d0       __imp_sf_debug_initialize_machine 000000018001a4d0     sf_runtime:sf_runtime.dll
 0002:000004d8       __imp_sf_debug_set_machine_event_thresholds 000000018001a4d8     sf_runtime:sf_runtime.dll
 0002:000004e0       __imp_sf_mex_error_direct_call 000000018001a4e0     sf_runtime:sf_runtime.dll
 0002:000004e8       __imp_sf_debug_set_machine_data_thresholds 000000018001a4e8     sf_runtime:sf_runtime.dll
 0002:000004f0       \177sf_runtime_NULL_THUNK_DATA 000000018001a4f0     sf_runtime:sf_runtime.dll
 0002:000004f8       __xc_a                     000000018001a4f8     MSVCRT:cinitexe.obj
 0002:00000500       __xc_z                     000000018001a500     MSVCRT:cinitexe.obj
 0002:00000508       __xi_a                     000000018001a508     MSVCRT:cinitexe.obj
 0002:00000518       __xi_z                     000000018001a518     MSVCRT:cinitexe.obj
 0002:00000520       __real@41d3873b54800000    000000018001a520     mirageTracking_sfun.obj
 0002:00000528       __real@41e41236c2c00000    000000018001a528     mirageTracking_sfun.obj
 0002:00000530       __real@41a28ec9e8000000    000000018001a530     mirageTracking_sfun.obj
 0002:00000538       __real@41e57bdb96600000    000000018001a538     mirageTracking_sfun.obj
 0002:00000540       __real@41b48881c0000000    000000018001a540     mirageTracking_sfun.obj
 0002:00000548       __real@41e439a0c9c00000    000000018001a548     mirageTracking_sfun.obj
 0002:00000550       __real@41e8cffe7aa00000    000000018001a550     mirageTracking_sfun.obj
 0002:00000558       __real@41e8583dfc000000    000000018001a558     mirageTracking_sfun.obj
 0002:00000560       __real@41ecd68c7d200000    000000018001a560     mirageTracking_sfun.obj
 0002:00000568       __real@41bc4b8e68000000    000000018001a568     mirageTracking_sfun.obj
 0002:00000570       __real@41ece362e6c00000    000000018001a570     mirageTracking_sfun.obj
 0002:00000578       __real@41e6ddc3dd800000    000000018001a578     mirageTracking_sfun.obj
 0002:00000580       __real@41c99d0329800000    000000018001a580     c1_mirageTracking.obj
 0002:00000588       __real@41e8e6e5a6400000    000000018001a588     c1_mirageTracking.obj
 0002:00000590       __real@41e7bdb0a2400000    000000018001a590     c1_mirageTracking.obj
 0002:00000598       __real@41e3d158b3600000    000000018001a598     c1_mirageTracking.obj
 0002:000005a0       __real@4024000000000000    000000018001a5a0     c1_mirageTracking.obj
 0002:000005a8       __real@4010000000000000    000000018001a5a8     c1_mirageTracking.obj
 0002:000005b0       __real@4000000000000000    000000018001a5b0     c1_mirageTracking.obj
 0002:000005b8       __real@4022000000000000    000000018001a5b8     c1_mirageTracking.obj
 0002:000005c0       __real@4008000000000000    000000018001a5c0     c1_mirageTracking.obj
 0002:000005c8       __real@4094000000000000    000000018001a5c8     c1_mirageTracking.obj
 0002:000005d0       __real@408e000000000000    000000018001a5d0     c1_mirageTracking.obj
 0002:000005d8       __real@3ff0000000000000    000000018001a5d8     c1_mirageTracking.obj
 0002:000005e0       __real@3fe3333333333333    000000018001a5e0     c1_mirageTracking.obj
 0002:000005e8       __real@3de978d5            000000018001a5e8     c1_mirageTracking.obj
 0002:000005ec       __real@3f1645a2            000000018001a5ec     c1_mirageTracking.obj
 0002:000005f0       __real@3e99096c            000000018001a5f0     c1_mirageTracking.obj
 0002:000005f8       __real@407e000000000000    000000018001a5f8     c1_mirageTracking.obj
 0002:00000600       __real@408e100000000000    000000018001a600     c1_mirageTracking.obj
 0002:00000608       __real@4074000000000000    000000018001a608     c1_mirageTracking.obj
 0002:00000610       __real@3f800000            000000018001a610     c1_mirageTracking.obj
 0002:00000620       DYNAMIC_DIMENSION_DEF      000000018001a620     mirageTracking_sfun_registry.obj
 0002:00000640       _ssBadLevel2InputAccessMsg 000000018001a640     mirageTracking_sfun_registry.obj
 0002:000007d0       _ssBadLevel2DirectFeedMsg  000000018001a7d0     mirageTracking_sfun_registry.obj
 0002:00000910       _ssBadLevel2DirectFeedSolutionMsg 000000018001a910     mirageTracking_sfun_registry.obj
 0002:00000980       _ssBadLevel2ZeroDirectFeedMsg 000000018001a980     mirageTracking_sfun_registry.obj
 0002:00000ac0       _ssBadLevel2ZeroDirectFeedMsg2 000000018001aac0     mirageTracking_sfun_registry.obj
 0002:00000ba8       __real@0000000000000000    000000018001aba8     mirageTracking_sfun_registry.obj
 0002:00000bb0       __real@bff0000000000000    000000018001abb0     mirageTracking_sfun_registry.obj
 0002:00000bb8       __real@41602cbca0000000    000000018001abb8     mirageTracking_sfun_registry.obj
 0002:00000bc0       _pRawDllMain               000000018001abc0     MSVCRT:crtdll.obj
 0002:00000bc0       _pDefaultRawDllMain        000000018001abc0     MSVCRT:crtdll.obj
 0002:00000bd8       ?ProcessDetach@NativeDll@<CrtImplementationDetails>@@0IB 000000018001abd8     MSVCRT:tncleanup.obj
 0002:00000bdc       ?ProcessAttach@NativeDll@<CrtImplementationDetails>@@0IB 000000018001abdc     MSVCRT:tncleanup.obj
 0002:00000be0       ?ThreadAttach@NativeDll@<CrtImplementationDetails>@@0IB 000000018001abe0     MSVCRT:tncleanup.obj
 0002:00000be4       ?ThreadDetach@NativeDll@<CrtImplementationDetails>@@0IB 000000018001abe4     MSVCRT:tncleanup.obj
 0002:00000be8       ?ProcessVerifier@NativeDll@<CrtImplementationDetails>@@0IB 000000018001abe8     MSVCRT:tncleanup.obj
 0002:00000bf0       __rtc_iaa                  000000018001abf0     MSVCRT:_initsect_.obj
 0002:00000bf8       __rtc_izz                  000000018001abf8     MSVCRT:_initsect_.obj
 0002:00000c00       __rtc_taa                  000000018001ac00     MSVCRT:_initsect_.obj
 0002:00000c08       __rtc_tzz                  000000018001ac08     MSVCRT:_initsect_.obj
 0002:0000155c       __IMPORT_DESCRIPTOR_sf_runtime 000000018001b55c     sf_runtime:sf_runtime.dll
 0002:00001570       __IMPORT_DESCRIPTOR_libmx  000000018001b570     libmx:libmx.dll
 0002:00001584       __IMPORT_DESCRIPTOR_libmex 000000018001b584     libmex:libmex.dll
 0002:00001598       __IMPORT_DESCRIPTOR_libut  000000018001b598     libut:libut.dll
 0002:000015ac       __IMPORT_DESCRIPTOR_libmwmathutil 000000018001b5ac     libmwmathutil:libmwmathutil.dll
 0002:000015c0       __IMPORT_DESCRIPTOR_libmwippmedianfilter 000000018001b5c0     libmwippmedianfilter:libmwippmedianfilter.dll
 0002:000015d4       __IMPORT_DESCRIPTOR_MSVCR100 000000018001b5d4     MSVCRT:MSVCR100.dll
 0002:000015e8       __IMPORT_DESCRIPTOR_KERNEL32 000000018001b5e8     kernel32:KERNEL32.dll
 0002:000015fc       __NULL_IMPORT_DESCRIPTOR   000000018001b5fc     sf_runtime:sf_runtime.dll
 0003:00001300       DYNAMIC_DIMENSION          000000018001e300     mirageTracking_sfun_registry.obj
 0003:00001f98       __security_cookie          000000018001ef98     MSVCRT:gs_cookie.obj
 0003:00001fa0       __security_cookie_complement 000000018001efa0     MSVCRT:gs_cookie.obj
 0003:00001fa8       _fltused                   000000018001efa8     MSVCRT:dllsupp.obj
 0003:00001fb0       __native_dllmain_reason    000000018001efb0     MSVCRT:natstart.obj
 0003:00001fb4       __native_vcclrit_reason    000000018001efb4     MSVCRT:natstart.obj
 0003:000020c8       sfGlobalDebugInstanceStruct 000000018001f0c8     mirageTracking_sfun_registry.obj
 0003:00002650       ?__type_info_root_node@@3U__type_info_node@@A 000000018001f650     MSVCRT:tncleanup.obj
 0003:00002660       _mirageTrackingMachineNumber_ 000000018001f660     <common>
 0003:00002664       __native_startup_state     000000018001f664     <common>
 0003:00002668       __native_startup_lock      000000018001f668     <common>
 0003:00002670       __onexitend                000000018001f670     <common>
 0003:00002678       __onexitbegin              000000018001f678     <common>
 0003:00002680       __dyn_tls_init_callback    000000018001f680     <common>

 entry point at        0001:00017fa0

 Static symbols

 0001:00000d20       c1_info_helper             0000000180001d20 f   c1_mirageTracking.obj
 0001:00000f80       c1_d_emlrt_marshallOut     0000000180001f80 f   c1_mirageTracking.obj
 0001:00001010       c1_e_emlrt_marshallOut     0000000180002010 f   c1_mirageTracking.obj
 0001:00001be0       mdlProcessParameters_c1_mirageTracking 0000000180002be0 f   c1_mirageTracking.obj
 0001:00001cc0       initialize_params_c1_mirageTracking 0000000180002cc0 f   c1_mirageTracking.obj
 0001:00001cd0       mdlSetWorkWidths_c1_mirageTracking 0000000180002cd0 f   c1_mirageTracking.obj
 0001:00002200       sf_get_instance_specialization 0000000180003200 f   c1_mirageTracking.obj
 0001:00002210       mdlStart_c1_mirageTracking 0000000180003210 f   c1_mirageTracking.obj
 0001:00002490       init_dsm_address_info      0000000180003490 f   c1_mirageTracking.obj
 0001:000024a0       init_simulink_io_address   00000001800034a0 f   c1_mirageTracking.obj
 0001:00002530       sf_get_sim_state_info_c1_mirageTracking 0000000180003530 f   c1_mirageTracking.obj
 0001:000025f0       chart_debug_initialization 00000001800035f0 f   c1_mirageTracking.obj
 0001:000032a0       init_script_number_translation 00000001800042a0 f   c1_mirageTracking.obj
 0001:000032f0       c1_sf_marshallOut          00000001800042f0 f   c1_mirageTracking.obj
 0001:00003460       c1_sf_marshallIn           0000000180004460 f   c1_mirageTracking.obj
 0001:000035d0       c1_b_emlrt_marshallIn      00000001800045d0 f   c1_mirageTracking.obj
 0001:000036d0       c1_b_sf_marshallOut        00000001800046d0 f   c1_mirageTracking.obj
 0001:00003890       sf_opaque_initialize_c1_mirageTracking 0000000180004890 f   c1_mirageTracking.obj
 0001:000038d0       initialize_c1_mirageTracking 00000001800048d0 f   c1_mirageTracking.obj
 0001:00003940       initSimStructsc1_mirageTracking 0000000180004940 f   c1_mirageTracking.obj
 0001:00003950       chart_debug_initialize_data_addresses 0000000180004950 f   c1_mirageTracking.obj
 0001:00003b00       sf_opaque_enable_c1_mirageTracking 0000000180004b00 f   c1_mirageTracking.obj
 0001:00003b20       enable_c1_mirageTracking   0000000180004b20 f   c1_mirageTracking.obj
 0001:00003b50       sf_opaque_disable_c1_mirageTracking 0000000180004b50 f   c1_mirageTracking.obj
 0001:00003b70       disable_c1_mirageTracking  0000000180004b70 f   c1_mirageTracking.obj
 0001:00003ba0       sf_opaque_gateway_c1_mirageTracking 0000000180004ba0 f   c1_mirageTracking.obj
 0001:00003bc0       sf_gateway_c1_mirageTracking 0000000180004bc0 f   c1_mirageTracking.obj
 0001:00003fc0       c1_chartstep_c1_mirageTracking 0000000180004fc0 f   c1_mirageTracking.obj
 0001:000081c0       c1_orderPoints             00000001800091c0 f   c1_mirageTracking.obj
 0001:00008c40       c1_emlrt_marshallOut       0000000180009c40 f   c1_mirageTracking.obj
 0001:00008cc0       c1_b_emlrt_marshallOut     0000000180009cc0 f   c1_mirageTracking.obj
 0001:00008d50       c1_c_emlrt_marshallOut     0000000180009d50 f   c1_mirageTracking.obj
 0001:00008dd0       c1_c_sf_marshallOut        0000000180009dd0 f   c1_mirageTracking.obj
 0001:00008e80       c1_b_sf_marshallIn         0000000180009e80 f   c1_mirageTracking.obj
 0001:00008f20       c1_c_emlrt_marshallIn      0000000180009f20 f   c1_mirageTracking.obj
 0001:00008fb0       c1_d_sf_marshallOut        0000000180009fb0 f   c1_mirageTracking.obj
 0001:00009110       c1_c_sf_marshallIn         000000018000a110 f   c1_mirageTracking.obj
 0001:00009250       c1_d_emlrt_marshallIn      000000018000a250 f   c1_mirageTracking.obj
 0001:00009350       c1_d_sf_marshallIn         000000018000a350 f   c1_mirageTracking.obj
 0001:000094d0       c1_e_emlrt_marshallIn      000000018000a4d0 f   c1_mirageTracking.obj
 0001:000095d0       c1_e_sf_marshallOut        000000018000a5d0 f   c1_mirageTracking.obj
 0001:00009770       c1_e_sf_marshallIn         000000018000a770 f   c1_mirageTracking.obj
 0001:00009910       c1_f_emlrt_marshallIn      000000018000a910 f   c1_mirageTracking.obj
 0001:00009ae0       c1_f_sf_marshallOut        000000018000aae0 f   c1_mirageTracking.obj
 0001:00009c30       c1_f_sf_marshallIn         000000018000ac30 f   c1_mirageTracking.obj
 0001:00009d70       c1_g_emlrt_marshallIn      000000018000ad70 f   c1_mirageTracking.obj
 0001:00009e60       c1_g_sf_marshallOut        000000018000ae60 f   c1_mirageTracking.obj
 0001:00009fb0       c1_g_sf_marshallIn         000000018000afb0 f   c1_mirageTracking.obj
 0001:0000a0f0       c1_h_emlrt_marshallIn      000000018000b0f0 f   c1_mirageTracking.obj
 0001:0000a1f0       c1_h_sf_marshallOut        000000018000b1f0 f   c1_mirageTracking.obj
 0001:0000a390       c1_h_sf_marshallIn         000000018000b390 f   c1_mirageTracking.obj
 0001:0000a510       c1_i_emlrt_marshallIn      000000018000b510 f   c1_mirageTracking.obj
 0001:0000a610       c1_i_sf_marshallOut        000000018000b610 f   c1_mirageTracking.obj
 0001:0000a730       c1_i_sf_marshallIn         000000018000b730 f   c1_mirageTracking.obj
 0001:0000a830       c1_j_emlrt_marshallIn      000000018000b830 f   c1_mirageTracking.obj
 0001:0000a940       c1_medfilt2                000000018000b940 f   c1_mirageTracking.obj
 0001:0000aa70       c1_padarray                000000018000ba70 f   c1_mirageTracking.obj
 0001:0000ae50       c1_cell_cell               000000018000be50 f   c1_mirageTracking.obj
 0001:0000ae70       c1_b_cell_cell             000000018000be70 f   c1_mirageTracking.obj
 0001:0000ae90       c1_c_cell_cell             000000018000be90 f   c1_mirageTracking.obj
 0001:0000aeb0       c1_d_cell_cell             000000018000beb0 f   c1_mirageTracking.obj
 0001:0000aed0       c1_myMat2gray              000000018000bed0 f   c1_mirageTracking.obj
 0001:0000bb20       c1_BlobAnalysis_BlobAnalysis 000000018000cb20 f   c1_mirageTracking.obj
 0001:0000be30       c1_System_System           000000018000ce30 f   c1_mirageTracking.obj
 0001:0000bef0       c1_SystemCore_step         000000018000cef0 f   c1_mirageTracking.obj
 0001:0000c3b0       c1_Nondirect_stepImpl      000000018000d3b0 f   c1_mirageTracking.obj
 0001:0000c540       c1_Outputs                 000000018000d540 f   c1_mirageTracking.obj
 0001:0000cfa0       c1_b_SystemCore_step       000000018000dfa0 f   c1_mirageTracking.obj
 0001:0000d470       c1_b_Nondirect_stepImpl    000000018000e470 f   c1_mirageTracking.obj
 0001:0000d5f0       c1_b_imcomplement          000000018000e5f0 f   c1_mirageTracking.obj
 0001:0000d650       c1_b_eml_sort              000000018000e650 f   c1_mirageTracking.obj
 0001:0000d690       c1_b_eml_sort_idx          000000018000e690 f   c1_mirageTracking.obj
 0001:0000ef60       c1_check_forloop_overflow_error 000000018000ff60 f   c1_mirageTracking.obj
 0001:0000f0c0       c1_b_merge                 00000001800100c0 f   c1_mirageTracking.obj
 0001:0000f980       sf_opaque_get_sim_state_c1_mirageTracking 0000000180010980 f   c1_mirageTracking.obj
 0001:0000f9d0       get_sim_state_c1_mirageTracking 00000001800109d0 f   c1_mirageTracking.obj
 0001:0000fc80       sf_opaque_set_sim_state_c1_mirageTracking 0000000180010c80 f   c1_mirageTracking.obj
 0001:0000fcd0       set_sim_state_c1_mirageTracking 0000000180010cd0 f   c1_mirageTracking.obj
 0001:0000ff00       c1_update_debugger_state_c1_mirageTracking 0000000180010f00 f   c1_mirageTracking.obj
 0001:0000ff10       c1_emlrt_marshallIn        0000000180010f10 f   c1_mirageTracking.obj
 0001:0000ff80       c1_l_emlrt_marshallIn      0000000180010f80 f   c1_mirageTracking.obj
 0001:0000ffe0       c1_m_emlrt_marshallIn      0000000180010fe0 f   c1_mirageTracking.obj
 0001:00010070       c1_n_emlrt_marshallIn      0000000180011070 f   c1_mirageTracking.obj
 0001:000100d0       c1_o_emlrt_marshallIn      00000001800110d0 f   c1_mirageTracking.obj
 0001:00010160       sf_opaque_terminate_c1_mirageTracking 0000000180011160 f   c1_mirageTracking.obj
 0001:00010200       finalize_c1_mirageTracking 0000000180011200 f   c1_mirageTracking.obj
 0001:00010210       mdlRTW_c1_mirageTracking   0000000180011210 f   c1_mirageTracking.obj
 0001:00010fc0       getChartInfoFromSimStruct  0000000180011fc0 f   mirageTracking_sfun_registry.obj
 0001:00012ee0       _ssFatalError              0000000180013ee0 f   mirageTracking_sfun_registry.obj
 0001:000161b0       ProcessMexSfunctionCmdLineCall 00000001800171b0 f   mirageTracking_sfun_registry.obj
 0001:00016350       sf_debug_api_wrapper       0000000180017350 f   mirageTracking_sfun_registry.obj
 0001:000163a0       mdlStart                   00000001800173a0 f   mirageTracking_sfun_registry.obj
 0001:000163d0       mdl_start_processing       00000001800173d0 f   mirageTracking_sfun_registry.obj
 0001:00016490       mdlTerminate               0000000180017490 f   mirageTracking_sfun_registry.obj
 0001:000164c0       mdl_terminate_processing   00000001800174c0 f   mirageTracking_sfun_registry.obj
 0001:00016540       mdlInitializeSampleTimes   0000000180017540 f   mirageTracking_sfun_registry.obj
 0001:00016570       mdlZeroCrossings           0000000180017570 f   mirageTracking_sfun_registry.obj
 0001:000165a0       mdl_zeroCrossings_processing 00000001800175a0 f   mirageTracking_sfun_registry.obj
 0001:000165e0       mdlDerivatives             00000001800175e0 f   mirageTracking_sfun_registry.obj
 0001:00016610       mdl_derivatives_processing 0000000180017610 f   mirageTracking_sfun_registry.obj
 0001:00016660       mdlInitializeConditions    0000000180017660 f   mirageTracking_sfun_registry.obj
 0001:00016690       mdl_initialize_conditions_processing 0000000180017690 f   mirageTracking_sfun_registry.obj
 0001:000166e0       mdlEnable                  00000001800176e0 f   mirageTracking_sfun_registry.obj
 0001:00016710       mdl_enable_processing      0000000180017710 f   mirageTracking_sfun_registry.obj
 0001:00016750       mdlDisable                 0000000180017750 f   mirageTracking_sfun_registry.obj
 0001:00016780       mdl_disable_processing     0000000180017780 f   mirageTracking_sfun_registry.obj
 0001:000167c0       mdlOutputs                 00000001800177c0 f   mirageTracking_sfun_registry.obj
 0001:000167f0       mdl_outputs_processing     00000001800177f0 f   mirageTracking_sfun_registry.obj
 0001:00016910       mdl_outputs_continuous_legacy 0000000180017910 f   mirageTracking_sfun_registry.obj
 0001:00016a00       mdlUpdate                  0000000180017a00 f   mirageTracking_sfun_registry.obj
 0001:00016a30       mdl_update_processing      0000000180017a30 f   mirageTracking_sfun_registry.obj
 0001:00016a90       mdlGetTimeOfNextVarHit     0000000180017a90 f   mirageTracking_sfun_registry.obj
 0001:00016ae0       _ProcessMexSfunctionCmdLineCall 0000000180017ae0 f   mirageTracking_sfun_registry.obj
 0001:00017240       mdlSetWorkWidths           0000000180018240 f   mirageTracking_sfun_registry.obj
 0001:00017270       mdlProcessParameters       0000000180018270 f   mirageTracking_sfun_registry.obj
 0001:000172a0       mdlInitializeSizes         00000001800182a0 f   mirageTracking_sfun_registry.obj
 0001:000172d0       mdlExtModeExec             00000001800182d0 f   mirageTracking_sfun_registry.obj
 0001:00017300       mdl_ext_mode_exec_processing 0000000180018300 f   mirageTracking_sfun_registry.obj
 0001:00017340       mdlRTW                     0000000180018340 f   mirageTracking_sfun_registry.obj
 0001:00017380       _CreateSimStruct           0000000180018380 f   mirageTracking_sfun_registry.obj
 0001:00017510       _RegNumInputPortsCB        0000000180018510 f   mirageTracking_sfun_registry.obj
 0001:00017590       _RegNumOutputPortsCB       0000000180018590 f   mirageTracking_sfun_registry.obj
 0001:00017ba8       pre_c_init                 0000000180018ba8 f   MSVCRT:crtdll.obj
 0001:00017e64       __DllMainCRTStartup        0000000180018e64 f   MSVCRT:crtdll.obj
 0001:000184d0       __DllMainCRTStartup$filt$0 00000001800194d0 f   MSVCRT:crtdll.obj
 0001:00018500       __DllMainCRTStartup$fin$1  0000000180019500 f   MSVCRT:crtdll.obj
 0001:0001851a       _onexit$fin$0              000000018001951a f   MSVCRT:atonexit.obj
 0001:00018540       _IsNonwritableInCurrentImage$filt$0 0000000180019540 f   MSVCRT:pesect.obj
