 mirageTrackingRobot_sfun

 Timestamp is 55d60c73 (Thu Aug 20 12:20:51 2015)

 Preferred load address is 0000000180000000

 Start         Length     Name                   Class
 0001:00000000 00019124H .text                   CODE
 0001:00019130 00000092H .text$x                 CODE
 0002:00000000 00000510H .idata$5                DATA
 0002:00000510 00000008H .CRT$XCA                DATA
 0002:00000518 00000008H .CRT$XCZ                DATA
 0002:00000520 00000008H .CRT$XIA                DATA
 0002:00000528 00000008H .CRT$XIAA               DATA
 0002:00000530 00000008H .CRT$XIZ                DATA
 0002:00000540 000006c4H .rdata                  DATA
 0002:00000c08 00000008H .rtc$IAA                DATA
 0002:00000c10 00000008H .rtc$IZZ                DATA
 0002:00000c18 00000008H .rtc$TAA                DATA
 0002:00000c20 00000008H .rtc$TZZ                DATA
 0002:00000c28 0000094cH .xdata                  DATA
 0002:00001574 000000a0H .idata$2                DATA
 0002:00001614 00000014H .idata$3                DATA
 0002:00001628 00000510H .idata$4                DATA
 0002:00001b38 00000e7cH .idata$6                DATA
 0002:000029c0 0000005eH .edata                  DATA
 0003:00000000 00002008H .data                   DATA
 0003:00002010 000006c8H .bss                    DATA
 0004:00000000 00000b10H .pdata                  DATA

  Address         Publics by Value              Rva+Base               Lib:Object

 0000:00000000       ___safe_se_handler_table   0000000000000000     <absolute>
 0000:00000000       ___safe_se_handler_count   0000000000000000     <absolute>
 0000:00000000       __ImageBase                0000000180000000     <linker-defined>
 0001:00000000       mirageTrackingRobot_initializer 0000000180001000 f   mirageTrackingRobot_sfun.obj
 0001:00000010       mirageTrackingRobot_terminator 0000000180001010 f   mirageTrackingRobot_sfun.obj
 0001:00000020       sf_mirageTrackingRobot_method_dispatcher 0000000180001020 f   mirageTrackingRobot_sfun.obj
 0001:00000070       sf_mirageTrackingRobot_uses_exported_functions 0000000180001070 f   mirageTrackingRobot_sfun.obj
 0001:000000b0       sf_mirageTrackingRobot_process_testpoint_info_call 00000001800010b0 f   mirageTrackingRobot_sfun.obj
 0001:00000210       sf_mirageTrackingRobot_process_check_sum_call 0000000180001210 f   mirageTrackingRobot_sfun.obj
 0001:000005a0       sf_mirageTrackingRobot_autoinheritance_info 00000001800015a0 f   mirageTrackingRobot_sfun.obj
 0001:00000710       sf_mirageTrackingRobot_get_eml_resolved_functions_info 0000000180001710 f   mirageTrackingRobot_sfun.obj
 0001:00000840       sf_mirageTrackingRobot_third_party_uses_info 0000000180001840 f   mirageTrackingRobot_sfun.obj
 0001:00000990       sf_mirageTrackingRobot_jit_fallback_info 0000000180001990 f   mirageTrackingRobot_sfun.obj
 0001:00000ae0       sf_mirageTrackingRobot_updateBuildInfo_args_info 0000000180001ae0 f   mirageTrackingRobot_sfun.obj
 0001:00000c30       sf_mirageTrackingRobot_get_post_codegen_info 0000000180001c30 f   mirageTrackingRobot_sfun.obj
 0001:00000d00       mirageTrackingRobot_debug_initialize 0000000180001d00 f   mirageTrackingRobot_sfun.obj
 0001:00000d80       mirageTrackingRobot_register_exported_symbols 0000000180001d80 f   mirageTrackingRobot_sfun.obj
 0001:00000d90       load_mirageTrackingRobot_optimization_info 0000000180001d90 f   mirageTrackingRobot_sfun.obj
 0001:00000de0       unload_mirageTrackingRobot_optimization_info 0000000180001de0 f   mirageTrackingRobot_sfun.obj
 0001:00000e10       sf_c2_mirageTrackingRobot_get_eml_resolved_functions_info 0000000180001e10 f   c2_mirageTrackingRobot.obj
 0001:000011e0       sf_c2_mirageTrackingRobot_get_check_sum 00000001800021e0 f   c2_mirageTrackingRobot.obj
 0001:00001260       sf_c2_mirageTrackingRobot_get_autoinheritance_info 0000000180002260 f   c2_mirageTrackingRobot.obj
 0001:00001a40       sf_c2_mirageTrackingRobot_third_party_uses_info 0000000180002a40 f   c2_mirageTrackingRobot.obj
 0001:00001a90       sf_c2_mirageTrackingRobot_jit_fallback_info 0000000180002a90 f   c2_mirageTrackingRobot.obj
 0001:00001bd0       sf_c2_mirageTrackingRobot_updateBuildInfo_args_info 0000000180002bd0 f   c2_mirageTrackingRobot.obj
 0001:00001c00       sf_c2_mirageTrackingRobot_get_post_codegen_info 0000000180002c00 f   c2_mirageTrackingRobot.obj
 0001:00001cd0       c2_mirageTrackingRobot_method_dispatcher 0000000180002cd0 f   c2_mirageTrackingRobot.obj
 0001:00010e20       sf_process_check_sum_call  0000000180011e20 f   mirageTrackingRobot_sfun_registry.obj
 0001:00010e70       sf_process_machine_uses_exported_functions_call 0000000180011e70 f   mirageTrackingRobot_sfun_registry.obj
 0001:00010fc0       sf_process_testpoint_info_call 0000000180011fc0 f   mirageTrackingRobot_sfun_registry.obj
 0001:00011010       sf_process_autoinheritance_call 0000000180012010 f   mirageTrackingRobot_sfun_registry.obj
 0001:000111b0       sf_process_get_third_party_uses_info_call 00000001800121b0 f   mirageTrackingRobot_sfun_registry.obj
 0001:00011350       sf_process_get_jit_fallback_info_call 0000000180012350 f   mirageTrackingRobot_sfun_registry.obj
 0001:000114f0       sf_process_get_updateBuildInfo_args_info_call 00000001800124f0 f   mirageTrackingRobot_sfun_registry.obj
 0001:00011690       sf_process_get_eml_resolved_functions_info_call 0000000180012690 f   mirageTrackingRobot_sfun_registry.obj
 0001:00011810       sf_process_get_post_codegen_info 0000000180012810 f   mirageTrackingRobot_sfun_registry.obj
 0001:00011960       sf_mex_unlock_call         0000000180012960 f   mirageTrackingRobot_sfun_registry.obj
 0001:00011a10       sf_machine_global_initializer_called 0000000180012a10 f   mirageTrackingRobot_sfun_registry.obj
 0001:00011a40       sf_machine_global_method_dispatcher 0000000180012a40 f   mirageTrackingRobot_sfun_registry.obj
 0001:00011aa0       sf_machine_global_terminator 0000000180012aa0 f   mirageTrackingRobot_sfun_registry.obj
 0001:00011af0       sf_register_machine_exported_symbols 0000000180012af0 f   mirageTrackingRobot_sfun_registry.obj
 0001:00011b10       callCustomFcn              0000000180012b10 f   mirageTrackingRobot_sfun_registry.obj
 0001:00011b20       sf_machine_global_initializer 0000000180012b20 f   mirageTrackingRobot_sfun_registry.obj
 0001:00011ba0       mdlGetSimState             0000000180012ba0 f   mirageTrackingRobot_sfun_registry.obj
 0001:00011c20       mdlSetSimState             0000000180012c20 f   mirageTrackingRobot_sfun_registry.obj
 0001:00011c60       _ssSetStateAbsTol          0000000180012c60 f   mirageTrackingRobot_sfun_registry.obj
 0001:00011d40       _ssGetAbsTol               0000000180012d40 f   mirageTrackingRobot_sfun_registry.obj
 0001:00011db0       _ssSetInputPortMatrixDimensions 0000000180012db0 f   mirageTrackingRobot_sfun_registry.obj
 0001:00011ec0       _ssSetOutputPortMatrixDimensions 0000000180012ec0 f   mirageTrackingRobot_sfun_registry.obj
 0001:00011fd0       _ssSetInputPortVectorDimension 0000000180012fd0 f   mirageTrackingRobot_sfun_registry.obj
 0001:000120a0       _ssSetOutputPortVectorDimension 00000001800130a0 f   mirageTrackingRobot_sfun_registry.obj
 0001:00012170       _ssSetSymbolicDimsSupport  0000000180013170 f   mirageTrackingRobot_sfun_registry.obj
 0001:000121e0       _ssRegisterSymbolicDimsExpr 00000001800131e0 f   mirageTrackingRobot_sfun_registry.obj
 0001:00012260       _ssRegisterSymbolicDims    0000000180013260 f   mirageTrackingRobot_sfun_registry.obj
 0001:00012300       _ssRegisterSymbolicDimsString 0000000180013300 f   mirageTrackingRobot_sfun_registry.obj
 0001:00012380       _ssRegisterSymbolicDimsIntValue 0000000180013380 f   mirageTrackingRobot_sfun_registry.obj
 0001:000123f0       _ssRegisterSymbolicDimsPlus 00000001800133f0 f   mirageTrackingRobot_sfun_registry.obj
 0001:00012470       _ssRegisterSymbolicDimsMinus 0000000180013470 f   mirageTrackingRobot_sfun_registry.obj
 0001:000124f0       _ssRegisterSymbolicDimsMultiply 00000001800134f0 f   mirageTrackingRobot_sfun_registry.obj
 0001:00012570       _ssRegisterSymbolicDimsDivide 0000000180013570 f   mirageTrackingRobot_sfun_registry.obj
 0001:000125f0       _ssGetNumSymbolicDims      00000001800135f0 f   mirageTrackingRobot_sfun_registry.obj
 0001:00012660       _ssGetSymbolicDim          0000000180013660 f   mirageTrackingRobot_sfun_registry.obj
 0001:000126e0       _ssSetInputPortSymbolicDimsId 00000001800136e0 f   mirageTrackingRobot_sfun_registry.obj
 0001:00012750       _ssGetCompInputPortSymbolicDimsId 0000000180013750 f   mirageTrackingRobot_sfun_registry.obj
 0001:000127c0       _ssSetCompInputPortSymbolicDimsId 00000001800137c0 f   mirageTrackingRobot_sfun_registry.obj
 0001:00012830       _ssSetOutputPortSymbolicDimsId 0000000180013830 f   mirageTrackingRobot_sfun_registry.obj
 0001:000128a0       _ssGetCompOutputPortSymbolicDimsId 00000001800138a0 f   mirageTrackingRobot_sfun_registry.obj
 0001:00012910       _ssSetCompOutputPortSymbolicDimsId 0000000180013910 f   mirageTrackingRobot_sfun_registry.obj
 0001:00012980       _ssSetCompDWorkSymbolicDimsId 0000000180013980 f   mirageTrackingRobot_sfun_registry.obj
 0001:000129f0       ssIsRunTimeParamTunable    00000001800139f0 f   mirageTrackingRobot_sfun_registry.obj
 0001:00012a60       ssGetSFuncBlockHandle      0000000180013a60 f   mirageTrackingRobot_sfun_registry.obj
 0001:00012ad0       _ssGetCurrentInputPortWidth 0000000180013ad0 f   mirageTrackingRobot_sfun_registry.obj
 0001:00012bf0       _ssGetCurrentOutputPortWidth 0000000180013bf0 f   mirageTrackingRobot_sfun_registry.obj
 0001:00012d10       _ssGetCallSystemNumFcnCallDestinations 0000000180013d10 f   mirageTrackingRobot_sfun_registry.obj
 0001:00012d80       ssWarning                  0000000180013d80 f   mirageTrackingRobot_sfun_registry.obj
 0001:00012e90       ssGetIsZeroCrossControlDisabled 0000000180013e90 f   mirageTrackingRobot_sfun_registry.obj
 0001:00012f00       ssSetIsInputPortUsedForContZcSignal 0000000180013f00 f   mirageTrackingRobot_sfun_registry.obj
 0001:00012f70       ssSetZcSignalIsZcElementDisc 0000000180013f70 f   mirageTrackingRobot_sfun_registry.obj
 0001:00013020       ssSetZcSignalName          0000000180014020 f   mirageTrackingRobot_sfun_registry.obj
 0001:00013090       ssSetZcSignalWidth         0000000180014090 f   mirageTrackingRobot_sfun_registry.obj
 0001:00013100       ssSetZcSignalZcEventType   0000000180014100 f   mirageTrackingRobot_sfun_registry.obj
 0001:00013170       ssSetZcSignalType          0000000180014170 f   mirageTrackingRobot_sfun_registry.obj
 0001:000131e0       ssSetZcSignalZcTol         00000001800141e0 f   mirageTrackingRobot_sfun_registry.obj
 0001:00013250       ssSetZcSignalNeedsEventNotification 0000000180014250 f   mirageTrackingRobot_sfun_registry.obj
 0001:000132c0       ssCreateAndAddZcSignalInfo 00000001800142c0 f   mirageTrackingRobot_sfun_registry.obj
 0001:00013330       ssCloneAndAddZcSignalInfo  0000000180014330 f   mirageTrackingRobot_sfun_registry.obj
 0001:000133a0       ssGetNumZcSignals          00000001800143a0 f   mirageTrackingRobot_sfun_registry.obj
 0001:00013410       ssGetZcSignalVector        0000000180014410 f   mirageTrackingRobot_sfun_registry.obj
 0001:00013480       ssGetZcSignalZcEvents      0000000180014480 f   mirageTrackingRobot_sfun_registry.obj
 0001:000134f0       ssGetZcSignalName          00000001800144f0 f   mirageTrackingRobot_sfun_registry.obj
 0001:00013560       ssGetZcSignalWidth         0000000180014560 f   mirageTrackingRobot_sfun_registry.obj
 0001:000135d0       ssGetZcSignalZcEventType   00000001800145d0 f   mirageTrackingRobot_sfun_registry.obj
 0001:00013640       ssGetZcSignalType          0000000180014640 f   mirageTrackingRobot_sfun_registry.obj
 0001:000136b0       ssGetZcSignalZcTol         00000001800146b0 f   mirageTrackingRobot_sfun_registry.obj
 0001:00013730       ssGetZcSignalNeedsEventNotification 0000000180014730 f   mirageTrackingRobot_sfun_registry.obj
 0001:000137a0       ssGetZcSignalIsZcElementDisc 00000001800147a0 f   mirageTrackingRobot_sfun_registry.obj
 0001:00013840       ssGetIsInputPortElementContinuous 0000000180014840 f   mirageTrackingRobot_sfun_registry.obj
 0001:000138e0       _ssGetInputPortSignalPtrsFcn 00000001800148e0 f   mirageTrackingRobot_sfun_registry.obj
 0001:00013ba0       _ssGetInputPortSignalFcn   0000000180014ba0 f   mirageTrackingRobot_sfun_registry.obj
 0001:00013dc0       _ssSetInputPortDirectFeedThroughFcn 0000000180014dc0 f   mirageTrackingRobot_sfun_registry.obj
 0001:00013f20       _ssSetInputPortReusableFcn 0000000180014f20 f   mirageTrackingRobot_sfun_registry.obj
 0001:00014010       _ssSetOutputPortReusableFcn 0000000180015010 f   mirageTrackingRobot_sfun_registry.obj
 0001:000140f0       ssGetDTypeIdFromMxArray    00000001800150f0 f   mirageTrackingRobot_sfun_registry.obj
 0001:00014210       ssWriteRTWStr              0000000180015210 f   mirageTrackingRobot_sfun_registry.obj
 0001:00014270       ssWriteRTWMxVectParam      0000000180015270 f   mirageTrackingRobot_sfun_registry.obj
 0001:000142d0       ssWriteRTWMx2dMatParam     00000001800152d0 f   mirageTrackingRobot_sfun_registry.obj
 0001:00014350       ssWriteRTWNameValuePair    0000000180015350 f   mirageTrackingRobot_sfun_registry.obj
 0001:00014840       ssWriteRTWParameters       0000000180015840 f   mirageTrackingRobot_sfun_registry.obj
 0001:00014e40       ssWriteRTWParamSettings    0000000180015e40 f   mirageTrackingRobot_sfun_registry.obj
 0001:00015510       ssWriteRTWWorkVect         0000000180016510 f   mirageTrackingRobot_sfun_registry.obj
 0001:00015a10       mexFunction                0000000180016a10 f   mirageTrackingRobot_sfun_registry.obj
 0001:00018260       ProcessMexSfunctionEveryCall 0000000180019260 f   mirageTrackingRobot_sfun_registry.obj
 0001:000183f6       sf_debug_set_machine_data_thresholds 00000001800193f6 f   sf_runtime:sf_runtime.dll
 0001:000183fc       sf_debug_set_machine_event_thresholds 00000001800193fc f   sf_runtime:sf_runtime.dll
 0001:00018402       sf_debug_initialize_machine 0000000180019402 f   sf_runtime:sf_runtime.dll
 0001:00018408       sf_load_rtw_optimization_info 0000000180019408 f   sf_runtime:sf_runtime.dll
 0001:0001840e       sf_mex_emlrtNameCapturePostProcessR2012a 000000018001940e f   sf_runtime:sf_runtime.dll
 0001:00018414       sf_mex_assign              0000000180019414 f   sf_runtime:sf_runtime.dll
 0001:0001841a       sf_mex_createstruct        000000018001941a f   sf_runtime:sf_runtime.dll
 0001:00018420       sf_mex_destroy             0000000180019420 f   sf_runtime:sf_runtime.dll
 0001:00018426       sf_mex_duplicatearraysafe  0000000180019426 f   sf_runtime:sf_runtime.dll
 0001:0001842c       sf_mex_createcellmatrix    000000018001942c f   sf_runtime:sf_runtime.dll
 0001:00018432       sf_mex_addfield            0000000180019432 f   sf_runtime:sf_runtime.dll
 0001:00018438       sf_mex_create              0000000180019438 f   sf_runtime:sf_runtime.dll
 0001:0001843e       sf_mex_error_message       000000018001943e f   sf_runtime:sf_runtime.dll
 0001:00018444       sf_set_rtw_dwork_info      0000000180019444 f   sf_runtime:sf_runtime.dll
 0001:0001844a       sf_mark_chart_reusable_outputs 000000018001944a f   sf_runtime:sf_runtime.dll
 0001:00018450       sf_mark_chart_expressionable_inputs 0000000180019450 f   sf_runtime:sf_runtime.dll
 0001:00018456       sf_update_buildInfo        0000000180019456 f   sf_runtime:sf_runtime.dll
 0001:0001845c       sf_rtw_info_uint_prop      000000018001945c f   sf_runtime:sf_runtime.dll
 0001:00018462       sf_is_chart_inlinable      0000000180019462 f   sf_runtime:sf_runtime.dll
 0001:00018468       sim_mode_is_external       0000000180019468 f   sf_runtime:sf_runtime.dll
 0001:0001846e       sim_mode_is_rtw_gen        000000018001946e f   sf_runtime:sf_runtime.dll
 0001:00018474       sf_runtime_overflow_check_is_on 0000000180019474 f   sf_runtime:sf_runtime.dll
 0001:0001847a       ssGetOutputPortSignal_wrapper 000000018001947a f   sf_runtime:sf_runtime.dll
 0001:00018480       ssGetInputPortSignal_wrapper 0000000180019480 f   sf_runtime:sf_runtime.dll
 0001:00018486       sf_mex_decode_encoded_mx_struct_array 0000000180019486 f   sf_runtime:sf_runtime.dll
 0001:0001848c       sf_debug_reset_current_state_configuration 000000018001948c f   sf_runtime:sf_runtime.dll
 0001:00018492       sf_debug_set_chart_data_compiled_props 0000000180019492 f   sf_runtime:sf_runtime.dll
 0001:00018498       cv_script_init_fcn         0000000180019498 f   sf_runtime:sf_runtime.dll
 0001:0001849e       cv_script_init_script      000000018001949e f   sf_runtime:sf_runtime.dll
 0001:000184a4       cv_eml_init_relational     00000001800194a4 f   sf_runtime:sf_runtime.dll
 0001:000184aa       cv_eml_init_for            00000001800194aa f   sf_runtime:sf_runtime.dll
 0001:000184b0       cv_eml_init_if             00000001800194b0 f   sf_runtime:sf_runtime.dll
 0001:000184b6       cv_eml_init_saturation     00000001800194b6 f   sf_runtime:sf_runtime.dll
 0001:000184bc       cv_eml_init_fcn            00000001800194bc f   sf_runtime:sf_runtime.dll
 0001:000184c2       cv_eml_init_script         00000001800194c2 f   sf_runtime:sf_runtime.dll
 0001:000184c8       sf_debug_cv_init_trans     00000001800194c8 f   sf_runtime:sf_runtime.dll
 0001:000184ce       sf_debug_cv_init_state     00000001800194ce f   sf_runtime:sf_runtime.dll
 0001:000184d4       sf_debug_cv_init_chart     00000001800194d4 f   sf_runtime:sf_runtime.dll
 0001:000184da       sf_debug_set_chart_decomposition 00000001800194da f   sf_runtime:sf_runtime.dll
 0001:000184e0       sf_debug_set_chart_substate_count 00000001800194e0 f   sf_runtime:sf_runtime.dll
 0001:000184e6       sf_debug_set_chart_state_info 00000001800194e6 f   sf_runtime:sf_runtime.dll
 0001:000184ec       sf_debug_set_chart_data_props 00000001800194ec f   sf_runtime:sf_runtime.dll
 0001:000184f2       sf_debug_set_chart_event_thresholds 00000001800194f2 f   sf_runtime:sf_runtime.dll
 0001:000184f8       sf_debug_set_chart_disable_implicit_casting 00000001800194f8 f   sf_runtime:sf_runtime.dll
 0001:000184fe       sf_debug_initialize_chart  00000001800194fe f   sf_runtime:sf_runtime.dll
 0001:00018504       sf_debug_set_script_translation 0000000180019504 f   sf_runtime:sf_runtime.dll
 0001:0001850a       sf_debug_get_script_id     000000018001950a f   sf_runtime:sf_runtime.dll
 0001:00018510       sf_mex_dup                 0000000180019510 f   sf_runtime:sf_runtime.dll
 0001:00018516       sf_mex_import              0000000180019516 f   sf_runtime:sf_runtime.dll
 0001:0001851c       sf_get_time                000000018001951c f   sf_runtime:sf_runtime.dll
 0001:00018522       sf_is_first_init_cond      0000000180019522 f   sf_runtime:sf_runtime.dll
 0001:00018528       sf_debug_set_instance_data_value_ptr 0000000180019528 f   sf_runtime:sf_runtime.dll
 0001:0001852e       sf_debug_check_for_state_inconsistency 000000018001952e f   sf_runtime:sf_runtime.dll
 0001:00018534       sf_debug_symbol_scope_pop  0000000180019534 f   sf_runtime:sf_runtime.dll
 0001:0001853a       sf_debug_data_range_wrapper 000000018001953a f   sf_runtime:sf_runtime.dll
 0001:00018540       sf_debug_call              0000000180019540 f   sf_runtime:sf_runtime.dll
 0001:00018546       sf_debug_symbol_scope_push 0000000180019546 f   sf_runtime:sf_runtime.dll
 0001:0001854c       sf_mex_listen_for_ctrl_c_with_debugger 000000018001954c f   sf_runtime:sf_runtime.dll
 0001:00018552       sf_debug_sub_assign_size_check_nd 0000000180019552 f   sf_runtime:sf_runtime.dll
 0001:00018558       sf_debug_eml_data_array_bounds_error_check 0000000180019558 f   sf_runtime:sf_runtime.dll
 0001:0001855e       cv_eval_relational         000000018001955e f   sf_runtime:sf_runtime.dll
 0001:00018564       cv_eval_saturation         0000000180019564 f   sf_runtime:sf_runtime.dll
 0001:0001856a       sf_debug_symbol_switch     000000018001956a f   sf_runtime:sf_runtime.dll
 0001:00018570       eml_debug_line_call        0000000180019570 f   sf_runtime:sf_runtime.dll
 0001:00018576       cv_eml_eval                0000000180019576 f   sf_runtime:sf_runtime.dll
 0001:0001857c       sf_debug_symbol_scope_add_eml_dyn_importable 000000018001957c f   sf_runtime:sf_runtime.dll
 0001:00018582       sf_debug_symbol_scope_add_eml_importable 0000000180019582 f   sf_runtime:sf_runtime.dll
 0001:00018588       sf_debug_symbol_scope_add_eml 0000000180019588 f   sf_runtime:sf_runtime.dll
 0001:0001858e       sf_debug_symbol_scope_push_eml 000000018001958e f   sf_runtime:sf_runtime.dll
 0001:00018594       cv_script_eval             0000000180019594 f   sf_runtime:sf_runtime.dll
 0001:0001859a       sf_mex_import_vs           000000018001959a f   sf_runtime:sf_runtime.dll
 0001:000185a0       sf_mex_call_debug          00000001800195a0 f   sf_runtime:sf_runtime.dll
 0001:000185a6       sf_mex_setcell             00000001800195a6 f   sf_runtime:sf_runtime.dll
 0001:000185ac       sf_mex_getcell             00000001800195ac f   sf_runtime:sf_runtime.dll
 0001:000185b2       sf_clear_rtw_identifier    00000001800195b2 f   sf_runtime:sf_runtime.dll
 0001:000185b8       sf_debug_terminate         00000001800195b8 f   sf_runtime:sf_runtime.dll
 0001:000185be       sf_debug_create_debug_instance_struct 00000001800195be f   sf_runtime:sf_runtime.dll
 0001:000185c4       sf_debug_api               00000001800195c4 f   sf_runtime:sf_runtime.dll
 0001:000185ca       callMdlMethodAndReportError 00000001800195ca f   sf_runtime:sf_runtime.dll
 0001:000185d0       call_sf_machine_global_method_dispatcher 00000001800195d0 f   sf_runtime:sf_runtime.dll
 0001:000185d6       sf_clear_error_manager_info 00000001800195d6 f   sf_runtime:sf_runtime.dll
 0001:000185dc       sf_mex_error_direct_call   00000001800195dc f   sf_runtime:sf_runtime.dll
 0001:000185e2       mxCreateLogicalScalar      00000001800195e2 f   libmx:libmx.dll
 0001:000185e8       mxCreateDoubleMatrix_730   00000001800195e8 f   libmx:libmx.dll
 0001:000185ee       mxGetScalar                00000001800195ee f   libmx:libmx.dll
 0001:000185f4       mxGetString_730            00000001800195f4 f   libmx:libmx.dll
 0001:000185fa       mxIsChar                   00000001800195fa f   libmx:libmx.dll
 0001:00018600       mxGetPr                    0000000180019600 f   libmx:libmx.dll
 0001:00018606       mxDestroyArray             0000000180019606 f   libmx:libmx.dll
 0001:0001860c       mxDuplicateArray           000000018001960c f   libmx:libmx.dll
 0001:00018612       mxCreateDoubleScalar       0000000180019612 f   libmx:libmx.dll
 0001:00018618       mxSetField_730             0000000180019618 f   libmx:libmx.dll
 0001:0001861e       mxCreateString             000000018001961e f   libmx:libmx.dll
 0001:00018624       mxCreateStructMatrix_730   0000000180019624 f   libmx:libmx.dll
 0001:0001862a       mxSetCell_730              000000018001962a f   libmx:libmx.dll
 0001:00018630       mxCreateCellMatrix_730     0000000180019630 f   libmx:libmx.dll
 0001:00018636       mxCreateCellArray_730      0000000180019636 f   libmx:libmx.dll
 0001:0001863c       mxCreateStructArray_730    000000018001963c f   libmx:libmx.dll
 0001:00018642       mxGetClassID               0000000180019642 f   libmx:libmx.dll
 0001:00018648       mxIsNumeric                0000000180019648 f   libmx:libmx.dll
 0001:0001864e       mxIsComplex                000000018001964e f   libmx:libmx.dll
 0001:00018654       mxGetN                     0000000180019654 f   libmx:libmx.dll
 0001:0001865a       mxGetM                     000000018001965a f   libmx:libmx.dll
 0001:00018660       mxCalloc                   0000000180019660 f   libmx:libmx.dll
 0001:00018666       mexMakeArrayPersistent     0000000180019666 f   libmex:libmex.dll
 0001:0001866c       mexUnlock                  000000018001966c f   libmex:libmex.dll
 0001:00018672       mexIsLocked                0000000180019672 f   libmex:libmex.dll
 0001:00018678       mexWarnMsgTxt              0000000180019678 f   libmex:libmex.dll
 0001:0001867e       mexCallMATLABWithObject    000000018001967e f   libmex:libmex.dll
 0001:00018684       mexErrMsgTxt               0000000180019684 f   libmex:libmex.dll
 0001:0001868a       mexLock                    000000018001968a f   libmex:libmex.dll
 0001:00018690       utMalloc                   0000000180019690 f   libut:libut.dll
 0001:00018696       utFree                     0000000180019696 f   libut:libut.dll
 0001:0001869c       muDoubleScalarRound        000000018001969c f   libmwmathutil:libmwmathutil.dll
 0001:000186a2       muDoubleScalarIsNaN        00000001800196a2 f   libmwmathutil:libmwmathutil.dll
 0001:000186a8       ippMedianFilter_uint8      00000001800196a8 f   libmwippmedianfilter:libmwippmedianfilter.dll
 0001:000186b0       __GSHandlerCheckCommon     00000001800196b0 f   MSVCRT:gshandler.obj
 0001:00018714       __GSHandlerCheck           0000000180019714 f   MSVCRT:gshandler.obj
 0001:00018732       strcmp                     0000000180019732 f   MSVCRT:MSVCR100.dll
 0001:00018750       __security_check_cookie    0000000180019750 f   MSVCRT:amdsecgs.obj
 0001:00018770       strlen                     0000000180019770 f   MSVCRT:MSVCR100.dll
 0001:00018776       memset                     0000000180019776 f   MSVCRT:MSVCR100.dll
 0001:00018790       _alloca_probe              0000000180019790     MSVCRT:chkstk.obj
 0001:00018790       __chkstk                   0000000180019790 f   MSVCRT:chkstk.obj
 0001:000187de       free                       00000001800197de f   MSVCRT:MSVCR100.dll
 0001:000187e4       sprintf                    00000001800197e4 f   MSVCRT:MSVCR100.dll
 0001:000187ea       malloc                     00000001800197ea f   MSVCRT:MSVCR100.dll
 0001:000187f0       strcat                     00000001800197f0 f   MSVCRT:MSVCR100.dll
 0001:000187f6       memcpy                     00000001800197f6 f   MSVCRT:MSVCR100.dll
 0001:000187fc       NtCurrentTeb               00000001800197fc f i MSVCRT:crtdll.obj
 0001:00018868       _CRT_INIT                  0000000180019868 f   MSVCRT:crtdll.obj
 0001:00018c00       _DllMainCRTStartup         0000000180019c00 f   MSVCRT:crtdll.obj
 0001:00018c40       __report_gsfailure         0000000180019c40 f   MSVCRT:gs_report.obj
 0001:00018d8c       __clean_type_info_names    0000000180019d8c f   MSVCRT:tncleanup.obj
 0001:00018d98       _onexit                    0000000180019d98 f   MSVCRT:atonexit.obj
 0001:00018e48       atexit                     0000000180019e48 f   MSVCRT:atonexit.obj
 0001:00018e60       _RTC_Initialize            0000000180019e60 f   MSVCRT:_initsect_.obj
 0001:00018e98       _RTC_Terminate             0000000180019e98 f   MSVCRT:_initsect_.obj
 0001:00018ed0       _malloc_crt                0000000180019ed0 f   MSVCRT:MSVCR100.dll
 0001:00018ee0       _ValidateImageBase         0000000180019ee0 f   MSVCRT:pesect.obj
 0001:00018f10       _FindPESection             0000000180019f10 f   MSVCRT:pesect.obj
 0001:00018f60       _IsNonwritableInCurrentImage 0000000180019f60 f   MSVCRT:pesect.obj
 0001:00018fa2       _initterm                  0000000180019fa2 f   MSVCRT:MSVCR100.dll
 0001:00018fa8       _initterm_e                0000000180019fa8 f   MSVCRT:MSVCR100.dll
 0001:00018fae       _encoded_null              0000000180019fae f   MSVCRT:MSVCR100.dll
 0001:00018fb4       _amsg_exit                 0000000180019fb4 f   MSVCRT:MSVCR100.dll
 0001:00018fba       __C_specific_handler       0000000180019fba f   MSVCRT:MSVCR100.dll
 0001:00018fc0       __CppXcptFilter            0000000180019fc0 f   MSVCRT:MSVCR100.dll
 0001:00018fc8       DllMain                    0000000180019fc8 f   MSVCRT:dllmain.obj
 0001:00018fec       __security_init_cookie     0000000180019fec f   MSVCRT:gs_support.obj
 0001:000190a0       __crt_debugger_hook        000000018001a0a0 f   MSVCRT:MSVCR100.dll
 0001:000190a6       __clean_type_info_names_internal 000000018001a0a6 f   MSVCRT:MSVCR100.dll
 0001:000190ac       _unlock                    000000018001a0ac f   MSVCRT:MSVCR100.dll
 0001:000190b2       __dllonexit                000000018001a0b2 f   MSVCRT:MSVCR100.dll
 0001:000190b8       _lock                      000000018001a0b8 f   MSVCRT:MSVCR100.dll
 0001:000190be       EncodePointer              000000018001a0be f   kernel32:KERNEL32.dll
 0001:000190c4       DecodePointer              000000018001a0c4 f   kernel32:KERNEL32.dll
 0001:000190ca       Sleep                      000000018001a0ca f   kernel32:KERNEL32.dll
 0001:000190d0       TerminateProcess           000000018001a0d0 f   kernel32:KERNEL32.dll
 0001:000190d6       GetCurrentProcess          000000018001a0d6 f   kernel32:KERNEL32.dll
 0001:000190dc       UnhandledExceptionFilter   000000018001a0dc f   kernel32:KERNEL32.dll
 0001:000190e2       SetUnhandledExceptionFilter 000000018001a0e2 f   kernel32:KERNEL32.dll
 0001:000190e8       IsDebuggerPresent          000000018001a0e8 f   kernel32:KERNEL32.dll
 0001:000190ee       RtlVirtualUnwind           000000018001a0ee f   kernel32:KERNEL32.dll
 0001:000190f4       RtlLookupFunctionEntry     000000018001a0f4 f   kernel32:KERNEL32.dll
 0001:000190fa       RtlCaptureContext          000000018001a0fa f   kernel32:KERNEL32.dll
 0001:00019100       DisableThreadLibraryCalls  000000018001a100 f   kernel32:KERNEL32.dll
 0001:00019106       QueryPerformanceCounter    000000018001a106 f   kernel32:KERNEL32.dll
 0001:0001910c       GetTickCount               000000018001a10c f   kernel32:KERNEL32.dll
 0001:00019112       GetCurrentThreadId         000000018001a112 f   kernel32:KERNEL32.dll
 0001:00019118       GetCurrentProcessId        000000018001a118 f   kernel32:KERNEL32.dll
 0001:0001911e       GetSystemTimeAsFileTime    000000018001a11e f   kernel32:KERNEL32.dll
 0002:00000000       __imp_GetCurrentProcessId  000000018001b000     kernel32:KERNEL32.dll
 0002:00000008       __imp_GetCurrentThreadId   000000018001b008     kernel32:KERNEL32.dll
 0002:00000010       __imp_GetTickCount         000000018001b010     kernel32:KERNEL32.dll
 0002:00000018       __imp_QueryPerformanceCounter 000000018001b018     kernel32:KERNEL32.dll
 0002:00000020       __imp_DisableThreadLibraryCalls 000000018001b020     kernel32:KERNEL32.dll
 0002:00000028       __imp_RtlCaptureContext    000000018001b028     kernel32:KERNEL32.dll
 0002:00000030       __imp_RtlLookupFunctionEntry 000000018001b030     kernel32:KERNEL32.dll
 0002:00000038       __imp_RtlVirtualUnwind     000000018001b038     kernel32:KERNEL32.dll
 0002:00000040       __imp_IsDebuggerPresent    000000018001b040     kernel32:KERNEL32.dll
 0002:00000048       __imp_SetUnhandledExceptionFilter 000000018001b048     kernel32:KERNEL32.dll
 0002:00000050       __imp_UnhandledExceptionFilter 000000018001b050     kernel32:KERNEL32.dll
 0002:00000058       __imp_GetCurrentProcess    000000018001b058     kernel32:KERNEL32.dll
 0002:00000060       __imp_TerminateProcess     000000018001b060     kernel32:KERNEL32.dll
 0002:00000068       __imp_Sleep                000000018001b068     kernel32:KERNEL32.dll
 0002:00000070       __imp_DecodePointer        000000018001b070     kernel32:KERNEL32.dll
 0002:00000078       __imp_EncodePointer        000000018001b078     kernel32:KERNEL32.dll
 0002:00000080       __imp_GetSystemTimeAsFileTime 000000018001b080     kernel32:KERNEL32.dll
 0002:00000088       \177KERNEL32_NULL_THUNK_DATA 000000018001b088     kernel32:KERNEL32.dll
 0002:00000090       __imp__onexit              000000018001b090     MSVCRT:MSVCR100.dll
 0002:00000098       __imp__lock                000000018001b098     MSVCRT:MSVCR100.dll
 0002:000000a0       __imp___dllonexit          000000018001b0a0     MSVCRT:MSVCR100.dll
 0002:000000a8       __imp__unlock              000000018001b0a8     MSVCRT:MSVCR100.dll
 0002:000000b0       __imp___clean_type_info_names_internal 000000018001b0b0     MSVCRT:MSVCR100.dll
 0002:000000b8       __imp___crt_debugger_hook  000000018001b0b8     MSVCRT:MSVCR100.dll
 0002:000000c0       __imp___CppXcptFilter      000000018001b0c0     MSVCRT:MSVCR100.dll
 0002:000000c8       __imp___C_specific_handler 000000018001b0c8     MSVCRT:MSVCR100.dll
 0002:000000d0       __imp__amsg_exit           000000018001b0d0     MSVCRT:MSVCR100.dll
 0002:000000d8       __imp__encoded_null        000000018001b0d8     MSVCRT:MSVCR100.dll
 0002:000000e0       __imp__initterm_e          000000018001b0e0     MSVCRT:MSVCR100.dll
 0002:000000e8       __imp__initterm            000000018001b0e8     MSVCRT:MSVCR100.dll
 0002:000000f0       __imp__malloc_crt          000000018001b0f0     MSVCRT:MSVCR100.dll
 0002:000000f8       __imp_memcpy               000000018001b0f8     MSVCRT:MSVCR100.dll
 0002:00000100       __imp_strcat               000000018001b100     MSVCRT:MSVCR100.dll
 0002:00000108       __imp_malloc               000000018001b108     MSVCRT:MSVCR100.dll
 0002:00000110       __imp_sprintf              000000018001b110     MSVCRT:MSVCR100.dll
 0002:00000118       __imp_free                 000000018001b118     MSVCRT:MSVCR100.dll
 0002:00000120       __imp_memset               000000018001b120     MSVCRT:MSVCR100.dll
 0002:00000128       __imp_strlen               000000018001b128     MSVCRT:MSVCR100.dll
 0002:00000130       __imp_strcmp               000000018001b130     MSVCRT:MSVCR100.dll
 0002:00000138       \177MSVCR100_NULL_THUNK_DATA 000000018001b138     MSVCRT:MSVCR100.dll
 0002:00000140       __imp_mexLock              000000018001b140     libmex:libmex.dll
 0002:00000148       __imp_mexUnlock            000000018001b148     libmex:libmex.dll
 0002:00000150       __imp_mexIsLocked          000000018001b150     libmex:libmex.dll
 0002:00000158       __imp_mexWarnMsgTxt        000000018001b158     libmex:libmex.dll
 0002:00000160       __imp_mexCallMATLABWithObject 000000018001b160     libmex:libmex.dll
 0002:00000168       __imp_mexMakeArrayPersistent 000000018001b168     libmex:libmex.dll
 0002:00000170       __imp_mexErrMsgTxt         000000018001b170     libmex:libmex.dll
 0002:00000178       \177libmex_NULL_THUNK_DATA 000000018001b178     libmex:libmex.dll
 0002:00000180       __imp_ippMedianFilter_uint8 000000018001b180     libmwippmedianfilter:libmwippmedianfilter.dll
 0002:00000188       \177libmwippmedianfilter_NULL_THUNK_DATA 000000018001b188     libmwippmedianfilter:libmwippmedianfilter.dll
 0002:00000190       __imp_muDoubleScalarIsNaN  000000018001b190     libmwmathutil:libmwmathutil.dll
 0002:00000198       __imp_muDoubleScalarRound  000000018001b198     libmwmathutil:libmwmathutil.dll
 0002:000001a0       \177libmwmathutil_NULL_THUNK_DATA 000000018001b1a0     libmwmathutil:libmwmathutil.dll
 0002:000001a8       __imp_mxCalloc             000000018001b1a8     libmx:libmx.dll
 0002:000001b0       __imp_mxGetM               000000018001b1b0     libmx:libmx.dll
 0002:000001b8       __imp_mxGetN               000000018001b1b8     libmx:libmx.dll
 0002:000001c0       __imp_mxIsComplex          000000018001b1c0     libmx:libmx.dll
 0002:000001c8       __imp_mxIsNumeric          000000018001b1c8     libmx:libmx.dll
 0002:000001d0       __imp_mxGetClassID         000000018001b1d0     libmx:libmx.dll
 0002:000001d8       __imp_mxCreateStructArray_730 000000018001b1d8     libmx:libmx.dll
 0002:000001e0       __imp_mxCreateCellArray_730 000000018001b1e0     libmx:libmx.dll
 0002:000001e8       __imp_mxCreateCellMatrix_730 000000018001b1e8     libmx:libmx.dll
 0002:000001f0       __imp_mxSetCell_730        000000018001b1f0     libmx:libmx.dll
 0002:000001f8       __imp_mxCreateStructMatrix_730 000000018001b1f8     libmx:libmx.dll
 0002:00000200       __imp_mxCreateString       000000018001b200     libmx:libmx.dll
 0002:00000208       __imp_mxSetField_730       000000018001b208     libmx:libmx.dll
 0002:00000210       __imp_mxCreateDoubleScalar 000000018001b210     libmx:libmx.dll
 0002:00000218       __imp_mxDuplicateArray     000000018001b218     libmx:libmx.dll
 0002:00000220       __imp_mxGetPr              000000018001b220     libmx:libmx.dll
 0002:00000228       __imp_mxIsChar             000000018001b228     libmx:libmx.dll
 0002:00000230       __imp_mxGetString_730      000000018001b230     libmx:libmx.dll
 0002:00000238       __imp_mxGetScalar          000000018001b238     libmx:libmx.dll
 0002:00000240       __imp_mxCreateDoubleMatrix_730 000000018001b240     libmx:libmx.dll
 0002:00000248       __imp_mxCreateLogicalScalar 000000018001b248     libmx:libmx.dll
 0002:00000250       __imp_mxDestroyArray       000000018001b250     libmx:libmx.dll
 0002:00000258       \177libmx_NULL_THUNK_DATA  000000018001b258     libmx:libmx.dll
 0002:00000260       __imp_utMalloc             000000018001b260     libut:libut.dll
 0002:00000268       __imp_utFree               000000018001b268     libut:libut.dll
 0002:00000270       \177libut_NULL_THUNK_DATA  000000018001b270     libut:libut.dll
 0002:00000278       __imp_call_sf_machine_global_method_dispatcher 000000018001b278     sf_runtime:sf_runtime.dll
 0002:00000280       __imp_sf_rtw_info_uint_prop 000000018001b280     sf_runtime:sf_runtime.dll
 0002:00000288       __imp_sf_debug_terminate   000000018001b288     sf_runtime:sf_runtime.dll
 0002:00000290       __imp_sf_clear_rtw_identifier 000000018001b290     sf_runtime:sf_runtime.dll
 0002:00000298       __imp_sf_mex_getcell       000000018001b298     sf_runtime:sf_runtime.dll
 0002:000002a0       __imp_sf_mex_setcell       000000018001b2a0     sf_runtime:sf_runtime.dll
 0002:000002a8       __imp_sf_mex_call_debug    000000018001b2a8     sf_runtime:sf_runtime.dll
 0002:000002b0       __imp_sf_mex_import_vs     000000018001b2b0     sf_runtime:sf_runtime.dll
 0002:000002b8       __imp_cv_script_eval       000000018001b2b8     sf_runtime:sf_runtime.dll
 0002:000002c0       __imp_sf_is_chart_inlinable 000000018001b2c0     sf_runtime:sf_runtime.dll
 0002:000002c8       __imp_sf_debug_symbol_scope_push_eml 000000018001b2c8     sf_runtime:sf_runtime.dll
 0002:000002d0       __imp_sf_debug_symbol_scope_add_eml 000000018001b2d0     sf_runtime:sf_runtime.dll
 0002:000002d8       __imp_sf_debug_symbol_scope_add_eml_importable 000000018001b2d8     sf_runtime:sf_runtime.dll
 0002:000002e0       __imp_sf_debug_symbol_scope_add_eml_dyn_importable 000000018001b2e0     sf_runtime:sf_runtime.dll
 0002:000002e8       __imp_cv_eml_eval          000000018001b2e8     sf_runtime:sf_runtime.dll
 0002:000002f0       __imp_eml_debug_line_call  000000018001b2f0     sf_runtime:sf_runtime.dll
 0002:000002f8       __imp_callMdlMethodAndReportError 000000018001b2f8     sf_runtime:sf_runtime.dll
 0002:00000300       __imp_cv_eval_saturation   000000018001b300     sf_runtime:sf_runtime.dll
 0002:00000308       __imp_cv_eval_relational   000000018001b308     sf_runtime:sf_runtime.dll
 0002:00000310       __imp_sf_debug_eml_data_array_bounds_error_check 000000018001b310     sf_runtime:sf_runtime.dll
 0002:00000318       __imp_sf_debug_sub_assign_size_check_nd 000000018001b318     sf_runtime:sf_runtime.dll
 0002:00000320       __imp_sf_mex_listen_for_ctrl_c_with_debugger 000000018001b320     sf_runtime:sf_runtime.dll
 0002:00000328       __imp_sf_debug_symbol_scope_push 000000018001b328     sf_runtime:sf_runtime.dll
 0002:00000330       __imp_sf_debug_call        000000018001b330     sf_runtime:sf_runtime.dll
 0002:00000338       __imp_sf_debug_data_range_wrapper 000000018001b338     sf_runtime:sf_runtime.dll
 0002:00000340       __imp_sf_debug_symbol_scope_pop 000000018001b340     sf_runtime:sf_runtime.dll
 0002:00000348       __imp_sf_debug_check_for_state_inconsistency 000000018001b348     sf_runtime:sf_runtime.dll
 0002:00000350       __imp_sf_debug_set_instance_data_value_ptr 000000018001b350     sf_runtime:sf_runtime.dll
 0002:00000358       __imp_sf_is_first_init_cond 000000018001b358     sf_runtime:sf_runtime.dll
 0002:00000360       __imp_sf_get_time          000000018001b360     sf_runtime:sf_runtime.dll
 0002:00000368       __imp_sf_mex_import        000000018001b368     sf_runtime:sf_runtime.dll
 0002:00000370       __imp_sf_mex_dup           000000018001b370     sf_runtime:sf_runtime.dll
 0002:00000378       __imp_sf_debug_get_script_id 000000018001b378     sf_runtime:sf_runtime.dll
 0002:00000380       __imp_sf_debug_set_script_translation 000000018001b380     sf_runtime:sf_runtime.dll
 0002:00000388       __imp_sf_debug_api         000000018001b388     sf_runtime:sf_runtime.dll
 0002:00000390       __imp_sf_debug_symbol_switch 000000018001b390     sf_runtime:sf_runtime.dll
 0002:00000398       __imp_sf_debug_create_debug_instance_struct 000000018001b398     sf_runtime:sf_runtime.dll
 0002:000003a0       __imp_sf_debug_initialize_chart 000000018001b3a0     sf_runtime:sf_runtime.dll
 0002:000003a8       __imp_sf_debug_set_chart_disable_implicit_casting 000000018001b3a8     sf_runtime:sf_runtime.dll
 0002:000003b0       __imp_sf_debug_set_chart_event_thresholds 000000018001b3b0     sf_runtime:sf_runtime.dll
 0002:000003b8       __imp_sf_debug_set_chart_data_props 000000018001b3b8     sf_runtime:sf_runtime.dll
 0002:000003c0       __imp_sf_debug_set_chart_state_info 000000018001b3c0     sf_runtime:sf_runtime.dll
 0002:000003c8       __imp_sf_debug_set_chart_substate_count 000000018001b3c8     sf_runtime:sf_runtime.dll
 0002:000003d0       __imp_sf_debug_set_chart_decomposition 000000018001b3d0     sf_runtime:sf_runtime.dll
 0002:000003d8       __imp_sf_debug_cv_init_chart 000000018001b3d8     sf_runtime:sf_runtime.dll
 0002:000003e0       __imp_sf_debug_cv_init_state 000000018001b3e0     sf_runtime:sf_runtime.dll
 0002:000003e8       __imp_sf_debug_cv_init_trans 000000018001b3e8     sf_runtime:sf_runtime.dll
 0002:000003f0       __imp_cv_eml_init_script   000000018001b3f0     sf_runtime:sf_runtime.dll
 0002:000003f8       __imp_cv_eml_init_fcn      000000018001b3f8     sf_runtime:sf_runtime.dll
 0002:00000400       __imp_cv_eml_init_saturation 000000018001b400     sf_runtime:sf_runtime.dll
 0002:00000408       __imp_cv_eml_init_if       000000018001b408     sf_runtime:sf_runtime.dll
 0002:00000410       __imp_cv_eml_init_for      000000018001b410     sf_runtime:sf_runtime.dll
 0002:00000418       __imp_cv_eml_init_relational 000000018001b418     sf_runtime:sf_runtime.dll
 0002:00000420       __imp_cv_script_init_script 000000018001b420     sf_runtime:sf_runtime.dll
 0002:00000428       __imp_cv_script_init_fcn   000000018001b428     sf_runtime:sf_runtime.dll
 0002:00000430       __imp_sf_debug_set_chart_data_compiled_props 000000018001b430     sf_runtime:sf_runtime.dll
 0002:00000438       __imp_sf_debug_reset_current_state_configuration 000000018001b438     sf_runtime:sf_runtime.dll
 0002:00000440       __imp_sf_mex_decode_encoded_mx_struct_array 000000018001b440     sf_runtime:sf_runtime.dll
 0002:00000448       __imp_ssGetInputPortSignal_wrapper 000000018001b448     sf_runtime:sf_runtime.dll
 0002:00000450       __imp_ssGetOutputPortSignal_wrapper 000000018001b450     sf_runtime:sf_runtime.dll
 0002:00000458       __imp_sf_runtime_overflow_check_is_on 000000018001b458     sf_runtime:sf_runtime.dll
 0002:00000460       __imp_sim_mode_is_rtw_gen  000000018001b460     sf_runtime:sf_runtime.dll
 0002:00000468       __imp_sim_mode_is_external 000000018001b468     sf_runtime:sf_runtime.dll
 0002:00000470       __imp_sf_mex_error_direct_call 000000018001b470     sf_runtime:sf_runtime.dll
 0002:00000478       __imp_sf_update_buildInfo  000000018001b478     sf_runtime:sf_runtime.dll
 0002:00000480       __imp_sf_mark_chart_expressionable_inputs 000000018001b480     sf_runtime:sf_runtime.dll
 0002:00000488       __imp_sf_mark_chart_reusable_outputs 000000018001b488     sf_runtime:sf_runtime.dll
 0002:00000490       __imp_sf_set_rtw_dwork_info 000000018001b490     sf_runtime:sf_runtime.dll
 0002:00000498       __imp_sf_mex_error_message 000000018001b498     sf_runtime:sf_runtime.dll
 0002:000004a0       __imp_sf_mex_create        000000018001b4a0     sf_runtime:sf_runtime.dll
 0002:000004a8       __imp_sf_mex_addfield      000000018001b4a8     sf_runtime:sf_runtime.dll
 0002:000004b0       __imp_sf_mex_createcellmatrix 000000018001b4b0     sf_runtime:sf_runtime.dll
 0002:000004b8       __imp_sf_mex_duplicatearraysafe 000000018001b4b8     sf_runtime:sf_runtime.dll
 0002:000004c0       __imp_sf_mex_destroy       000000018001b4c0     sf_runtime:sf_runtime.dll
 0002:000004c8       __imp_sf_mex_createstruct  000000018001b4c8     sf_runtime:sf_runtime.dll
 0002:000004d0       __imp_sf_mex_assign        000000018001b4d0     sf_runtime:sf_runtime.dll
 0002:000004d8       __imp_sf_mex_emlrtNameCapturePostProcessR2012a 000000018001b4d8     sf_runtime:sf_runtime.dll
 0002:000004e0       __imp_sf_load_rtw_optimization_info 000000018001b4e0     sf_runtime:sf_runtime.dll
 0002:000004e8       __imp_sf_debug_initialize_machine 000000018001b4e8     sf_runtime:sf_runtime.dll
 0002:000004f0       __imp_sf_debug_set_machine_event_thresholds 000000018001b4f0     sf_runtime:sf_runtime.dll
 0002:000004f8       __imp_sf_clear_error_manager_info 000000018001b4f8     sf_runtime:sf_runtime.dll
 0002:00000500       __imp_sf_debug_set_machine_data_thresholds 000000018001b500     sf_runtime:sf_runtime.dll
 0002:00000508       \177sf_runtime_NULL_THUNK_DATA 000000018001b508     sf_runtime:sf_runtime.dll
 0002:00000510       __xc_a                     000000018001b510     MSVCRT:cinitexe.obj
 0002:00000518       __xc_z                     000000018001b518     MSVCRT:cinitexe.obj
 0002:00000520       __xi_a                     000000018001b520     MSVCRT:cinitexe.obj
 0002:00000530       __xi_z                     000000018001b530     MSVCRT:cinitexe.obj
 0002:00000540       __real@41ebd0e28ea00000    000000018001b540     mirageTrackingRobot_sfun.obj
 0002:00000548       __real@41d730e9b9c00000    000000018001b548     mirageTrackingRobot_sfun.obj
 0002:00000550       __real@41c2bc545c000000    000000018001b550     mirageTrackingRobot_sfun.obj
 0002:00000558       __real@416b8d2b00000000    000000018001b558     mirageTrackingRobot_sfun.obj
 0002:00000560       __real@41e7f49a11400000    000000018001b560     mirageTrackingRobot_sfun.obj
 0002:00000568       __real@41ec9eeaca600000    000000018001b568     mirageTrackingRobot_sfun.obj
 0002:00000570       __real@41ed51321aa00000    000000018001b570     mirageTrackingRobot_sfun.obj
 0002:00000578       __real@41ea3b0fdac00000    000000018001b578     mirageTrackingRobot_sfun.obj
 0002:00000580       __real@41e459be83600000    000000018001b580     mirageTrackingRobot_sfun.obj
 0002:00000588       __real@41945481c4000000    000000018001b588     mirageTrackingRobot_sfun.obj
 0002:00000590       __real@41ee40b5e9600000    000000018001b590     mirageTrackingRobot_sfun.obj
 0002:00000598       __real@41edc084e9a00000    000000018001b598     mirageTrackingRobot_sfun.obj
 0002:000005a0       __real@41e9c39bb0600000    000000018001b5a0     c2_mirageTrackingRobot.obj
 0002:000005a8       __real@41a2c8954c000000    000000018001b5a8     c2_mirageTrackingRobot.obj
 0002:000005b0       __real@41c9f5249c800000    000000018001b5b0     c2_mirageTrackingRobot.obj
 0002:000005b8       __real@41e9d83eb2a00000    000000018001b5b8     c2_mirageTrackingRobot.obj
 0002:000005c0       __real@4024000000000000    000000018001b5c0     c2_mirageTrackingRobot.obj
 0002:000005c8       __real@4010000000000000    000000018001b5c8     c2_mirageTrackingRobot.obj
 0002:000005d0       __real@4000000000000000    000000018001b5d0     c2_mirageTrackingRobot.obj
 0002:000005d8       __real@4008000000000000    000000018001b5d8     c2_mirageTrackingRobot.obj
 0002:000005e0       __real@4094000000000000    000000018001b5e0     c2_mirageTrackingRobot.obj
 0002:000005e8       __real@408e000000000000    000000018001b5e8     c2_mirageTrackingRobot.obj
 0002:000005f0       __real@3ff0000000000000    000000018001b5f0     c2_mirageTrackingRobot.obj
 0002:000005f8       __real@3fe3333333333333    000000018001b5f8     c2_mirageTrackingRobot.obj
 0002:00000600       __real@3fbd2f1a9fbe76c9    000000018001b600     c2_mirageTrackingRobot.obj
 0002:00000608       __real@3fe2c8b439581062    000000018001b608     c2_mirageTrackingRobot.obj
 0002:00000610       __real@0000000000000000    000000018001b610     c2_mirageTrackingRobot.obj
 0002:00000618       __real@4070000000000000    000000018001b618     c2_mirageTrackingRobot.obj
 0002:00000620       __real@3fd3212d77318fc5    000000018001b620     c2_mirageTrackingRobot.obj
 0002:00000628       __real@407e000000000000    000000018001b628     c2_mirageTrackingRobot.obj
 0002:00000630       __real@408e100000000000    000000018001b630     c2_mirageTrackingRobot.obj
 0002:00000638       __real@4074000000000000    000000018001b638     c2_mirageTrackingRobot.obj
 0002:00000640       DYNAMIC_DIMENSION_DEF      000000018001b640     mirageTrackingRobot_sfun_registry.obj
 0002:00000660       _ssBadLevel2InputAccessMsg 000000018001b660     mirageTrackingRobot_sfun_registry.obj
 0002:000007f0       _ssBadLevel2DirectFeedMsg  000000018001b7f0     mirageTrackingRobot_sfun_registry.obj
 0002:00000930       _ssBadLevel2DirectFeedSolutionMsg 000000018001b930     mirageTrackingRobot_sfun_registry.obj
 0002:000009a0       _ssBadLevel2ZeroDirectFeedMsg 000000018001b9a0     mirageTrackingRobot_sfun_registry.obj
 0002:00000ae0       _ssBadLevel2ZeroDirectFeedMsg2 000000018001bae0     mirageTrackingRobot_sfun_registry.obj
 0002:00000bc8       __real@bff0000000000000    000000018001bbc8     mirageTrackingRobot_sfun_registry.obj
 0002:00000bd0       __real@41602cbca0000000    000000018001bbd0     mirageTrackingRobot_sfun_registry.obj
 0002:00000bd8       _pDefaultRawDllMain        000000018001bbd8     MSVCRT:crtdll.obj
 0002:00000bd8       _pRawDllMain               000000018001bbd8     MSVCRT:crtdll.obj
 0002:00000bf0       ?ProcessDetach@NativeDll@<CrtImplementationDetails>@@0IB 000000018001bbf0     MSVCRT:tncleanup.obj
 0002:00000bf4       ?ProcessAttach@NativeDll@<CrtImplementationDetails>@@0IB 000000018001bbf4     MSVCRT:tncleanup.obj
 0002:00000bf8       ?ThreadAttach@NativeDll@<CrtImplementationDetails>@@0IB 000000018001bbf8     MSVCRT:tncleanup.obj
 0002:00000bfc       ?ThreadDetach@NativeDll@<CrtImplementationDetails>@@0IB 000000018001bbfc     MSVCRT:tncleanup.obj
 0002:00000c00       ?ProcessVerifier@NativeDll@<CrtImplementationDetails>@@0IB 000000018001bc00     MSVCRT:tncleanup.obj
 0002:00000c08       __rtc_iaa                  000000018001bc08     MSVCRT:_initsect_.obj
 0002:00000c10       __rtc_izz                  000000018001bc10     MSVCRT:_initsect_.obj
 0002:00000c18       __rtc_taa                  000000018001bc18     MSVCRT:_initsect_.obj
 0002:00000c20       __rtc_tzz                  000000018001bc20     MSVCRT:_initsect_.obj
 0002:00001574       __IMPORT_DESCRIPTOR_sf_runtime 000000018001c574     sf_runtime:sf_runtime.dll
 0002:00001588       __IMPORT_DESCRIPTOR_libmx  000000018001c588     libmx:libmx.dll
 0002:0000159c       __IMPORT_DESCRIPTOR_libmex 000000018001c59c     libmex:libmex.dll
 0002:000015b0       __IMPORT_DESCRIPTOR_libut  000000018001c5b0     libut:libut.dll
 0002:000015c4       __IMPORT_DESCRIPTOR_libmwmathutil 000000018001c5c4     libmwmathutil:libmwmathutil.dll
 0002:000015d8       __IMPORT_DESCRIPTOR_libmwippmedianfilter 000000018001c5d8     libmwippmedianfilter:libmwippmedianfilter.dll
 0002:000015ec       __IMPORT_DESCRIPTOR_MSVCR100 000000018001c5ec     MSVCRT:MSVCR100.dll
 0002:00001600       __IMPORT_DESCRIPTOR_KERNEL32 000000018001c600     kernel32:KERNEL32.dll
 0002:00001614       __NULL_IMPORT_DESCRIPTOR   000000018001c614     sf_runtime:sf_runtime.dll
 0003:00001350       DYNAMIC_DIMENSION          000000018001f350     mirageTrackingRobot_sfun_registry.obj
 0003:00001fe8       __security_cookie          000000018001ffe8     MSVCRT:gs_cookie.obj
 0003:00001ff0       __security_cookie_complement 000000018001fff0     MSVCRT:gs_cookie.obj
 0003:00001ff8       _fltused                   000000018001fff8     MSVCRT:dllsupp.obj
 0003:00002000       __native_dllmain_reason    0000000180020000     MSVCRT:natstart.obj
 0003:00002004       __native_vcclrit_reason    0000000180020004     MSVCRT:natstart.obj
 0003:00002118       sfGlobalDebugInstanceStruct 0000000180020118     mirageTrackingRobot_sfun_registry.obj
 0003:000026a0       ?__type_info_root_node@@3U__type_info_node@@A 00000001800206a0     MSVCRT:tncleanup.obj
 0003:000026b0       _mirageTrackingRobotMachineNumber_ 00000001800206b0     <common>
 0003:000026b4       __native_startup_state     00000001800206b4     <common>
 0003:000026b8       __native_startup_lock      00000001800206b8     <common>
 0003:000026c0       __onexitend                00000001800206c0     <common>
 0003:000026c8       __onexitbegin              00000001800206c8     <common>
 0003:000026d0       __dyn_tls_init_callback    00000001800206d0     <common>

 entry point at        0001:00018c00

 Static symbols

 0001:00000e80       c2_info_helper             0000000180001e80 f   c2_mirageTrackingRobot.obj
 0001:000010e0       c2_emlrt_marshallOut       00000001800020e0 f   c2_mirageTrackingRobot.obj
 0001:00001170       c2_b_emlrt_marshallOut     0000000180002170 f   c2_mirageTrackingRobot.obj
 0001:00001d40       mdlProcessParameters_c2_mirageTrackingRobot 0000000180002d40 f   c2_mirageTrackingRobot.obj
 0001:00001e20       initialize_params_c2_mirageTrackingRobot 0000000180002e20 f   c2_mirageTrackingRobot.obj
 0001:00001e30       mdlSetWorkWidths_c2_mirageTrackingRobot 0000000180002e30 f   c2_mirageTrackingRobot.obj
 0001:00002360       sf_get_instance_specialization 0000000180003360 f   c2_mirageTrackingRobot.obj
 0001:00002370       mdlStart_c2_mirageTrackingRobot 0000000180003370 f   c2_mirageTrackingRobot.obj
 0001:000025f0       init_dsm_address_info      00000001800035f0 f   c2_mirageTrackingRobot.obj
 0001:00002600       init_simulink_io_address   0000000180003600 f   c2_mirageTrackingRobot.obj
 0001:00002690       sf_get_sim_state_info_c2_mirageTrackingRobot 0000000180003690 f   c2_mirageTrackingRobot.obj
 0001:00002750       chart_debug_initialization 0000000180003750 f   c2_mirageTrackingRobot.obj
 0001:00003880       init_script_number_translation 0000000180004880 f   c2_mirageTrackingRobot.obj
 0001:000038d0       c2_sf_marshallOut          00000001800048d0 f   c2_mirageTrackingRobot.obj
 0001:00003a60       c2_sf_marshallIn           0000000180004a60 f   c2_mirageTrackingRobot.obj
 0001:00003bc0       c2_b_emlrt_marshallIn      0000000180004bc0 f   c2_mirageTrackingRobot.obj
 0001:00003cc0       c2_b_sf_marshallOut        0000000180004cc0 f   c2_mirageTrackingRobot.obj
 0001:00003e60       sf_opaque_initialize_c2_mirageTrackingRobot 0000000180004e60 f   c2_mirageTrackingRobot.obj
 0001:00003ea0       initialize_c2_mirageTrackingRobot 0000000180004ea0 f   c2_mirageTrackingRobot.obj
 0001:00003f10       initSimStructsc2_mirageTrackingRobot 0000000180004f10 f   c2_mirageTrackingRobot.obj
 0001:00003f20       chart_debug_initialize_data_addresses 0000000180004f20 f   c2_mirageTrackingRobot.obj
 0001:000040d0       sf_opaque_enable_c2_mirageTrackingRobot 00000001800050d0 f   c2_mirageTrackingRobot.obj
 0001:000040f0       enable_c2_mirageTrackingRobot 00000001800050f0 f   c2_mirageTrackingRobot.obj
 0001:00004120       sf_opaque_disable_c2_mirageTrackingRobot 0000000180005120 f   c2_mirageTrackingRobot.obj
 0001:00004140       disable_c2_mirageTrackingRobot 0000000180005140 f   c2_mirageTrackingRobot.obj
 0001:00004170       sf_opaque_gateway_c2_mirageTrackingRobot 0000000180005170 f   c2_mirageTrackingRobot.obj
 0001:00004190       sf_gateway_c2_mirageTrackingRobot 0000000180005190 f   c2_mirageTrackingRobot.obj
 0001:00004590       c2_chartstep_c2_mirageTrackingRobot 0000000180005590 f   c2_mirageTrackingRobot.obj
 0001:00009200       c2_orderPoints             000000018000a200 f   c2_mirageTrackingRobot.obj
 0001:00009c70       c2_c_sf_marshallOut        000000018000ac70 f   c2_mirageTrackingRobot.obj
 0001:00009d20       c2_b_sf_marshallIn         000000018000ad20 f   c2_mirageTrackingRobot.obj
 0001:00009dc0       c2_c_emlrt_marshallIn      000000018000adc0 f   c2_mirageTrackingRobot.obj
 0001:00009e50       c2_d_sf_marshallOut        000000018000ae50 f   c2_mirageTrackingRobot.obj
 0001:00009fa0       c2_c_sf_marshallIn         000000018000afa0 f   c2_mirageTrackingRobot.obj
 0001:0000a0d0       c2_d_emlrt_marshallIn      000000018000b0d0 f   c2_mirageTrackingRobot.obj
 0001:0000a1c0       c2_d_sf_marshallIn         000000018000b1c0 f   c2_mirageTrackingRobot.obj
 0001:0000a340       c2_e_emlrt_marshallIn      000000018000b340 f   c2_mirageTrackingRobot.obj
 0001:0000a440       c2_e_sf_marshallOut        000000018000b440 f   c2_mirageTrackingRobot.obj
 0001:0000a5f0       c2_e_sf_marshallIn         000000018000b5f0 f   c2_mirageTrackingRobot.obj
 0001:0000a7c0       c2_f_emlrt_marshallIn      000000018000b7c0 f   c2_mirageTrackingRobot.obj
 0001:0000a9c0       c2_f_sf_marshallOut        000000018000b9c0 f   c2_mirageTrackingRobot.obj
 0001:0000ab10       c2_f_sf_marshallIn         000000018000bb10 f   c2_mirageTrackingRobot.obj
 0001:0000ac40       c2_g_emlrt_marshallIn      000000018000bc40 f   c2_mirageTrackingRobot.obj
 0001:0000ad30       c2_g_sf_marshallOut        000000018000bd30 f   c2_mirageTrackingRobot.obj
 0001:0000ae80       c2_g_sf_marshallIn         000000018000be80 f   c2_mirageTrackingRobot.obj
 0001:0000afc0       c2_h_emlrt_marshallIn      000000018000bfc0 f   c2_mirageTrackingRobot.obj
 0001:0000b0c0       c2_h_sf_marshallOut        000000018000c0c0 f   c2_mirageTrackingRobot.obj
 0001:0000b260       c2_h_sf_marshallIn         000000018000c260 f   c2_mirageTrackingRobot.obj
 0001:0000b3e0       c2_i_emlrt_marshallIn      000000018000c3e0 f   c2_mirageTrackingRobot.obj
 0001:0000b4e0       c2_i_sf_marshallOut        000000018000c4e0 f   c2_mirageTrackingRobot.obj
 0001:0000b610       c2_i_sf_marshallIn         000000018000c610 f   c2_mirageTrackingRobot.obj
 0001:0000b710       c2_j_emlrt_marshallIn      000000018000c710 f   c2_mirageTrackingRobot.obj
 0001:0000b810       c2_medfilt2                000000018000c810 f   c2_mirageTrackingRobot.obj
 0001:0000b940       c2_padarray                000000018000c940 f   c2_mirageTrackingRobot.obj
 0001:0000bd10       c2_cell_cell               000000018000cd10 f   c2_mirageTrackingRobot.obj
 0001:0000bd30       c2_b_cell_cell             000000018000cd30 f   c2_mirageTrackingRobot.obj
 0001:0000bd50       c2_c_cell_cell             000000018000cd50 f   c2_mirageTrackingRobot.obj
 0001:0000bd70       c2_d_cell_cell             000000018000cd70 f   c2_mirageTrackingRobot.obj
 0001:0000bd90       c2_myMat2gray              000000018000cd90 f   c2_mirageTrackingRobot.obj
 0001:0000c6f0       c2_BlobAnalysis_BlobAnalysis 000000018000d6f0 f   c2_mirageTrackingRobot.obj
 0001:0000ca00       c2_System_System           000000018000da00 f   c2_mirageTrackingRobot.obj
 0001:0000cac0       c2_SystemCore_step         000000018000dac0 f   c2_mirageTrackingRobot.obj
 0001:0000cf90       c2_Nondirect_stepImpl      000000018000df90 f   c2_mirageTrackingRobot.obj
 0001:0000d110       c2_Outputs                 000000018000e110 f   c2_mirageTrackingRobot.obj
 0001:0000db80       c2_b_SystemCore_step       000000018000eb80 f   c2_mirageTrackingRobot.obj
 0001:0000e050       c2_b_Nondirect_stepImpl    000000018000f050 f   c2_mirageTrackingRobot.obj
 0001:0000e1e0       c2_b_imcomplement          000000018000f1e0 f   c2_mirageTrackingRobot.obj
 0001:0000e280       c2_b_eml_sort              000000018000f280 f   c2_mirageTrackingRobot.obj
 0001:0000e2c0       c2_b_eml_sort_idx          000000018000f2c0 f   c2_mirageTrackingRobot.obj
 0001:0000fb60       c2_check_forloop_overflow_error 0000000180010b60 f   c2_mirageTrackingRobot.obj
 0001:0000fcc0       c2_b_merge                 0000000180010cc0 f   c2_mirageTrackingRobot.obj
 0001:00010580       sf_opaque_get_sim_state_c2_mirageTrackingRobot 0000000180011580 f   c2_mirageTrackingRobot.obj
 0001:000105d0       get_sim_state_c2_mirageTrackingRobot 00000001800115d0 f   c2_mirageTrackingRobot.obj
 0001:00010870       sf_opaque_set_sim_state_c2_mirageTrackingRobot 0000000180011870 f   c2_mirageTrackingRobot.obj
 0001:000108c0       set_sim_state_c2_mirageTrackingRobot 00000001800118c0 f   c2_mirageTrackingRobot.obj
 0001:00010ad0       c2_update_debugger_state_c2_mirageTrackingRobot 0000000180011ad0 f   c2_mirageTrackingRobot.obj
 0001:00010ae0       c2_emlrt_marshallIn        0000000180011ae0 f   c2_mirageTrackingRobot.obj
 0001:00010b50       c2_l_emlrt_marshallIn      0000000180011b50 f   c2_mirageTrackingRobot.obj
 0001:00010bb0       c2_m_emlrt_marshallIn      0000000180011bb0 f   c2_mirageTrackingRobot.obj
 0001:00010c40       c2_n_emlrt_marshallIn      0000000180011c40 f   c2_mirageTrackingRobot.obj
 0001:00010ca0       c2_o_emlrt_marshallIn      0000000180011ca0 f   c2_mirageTrackingRobot.obj
 0001:00010d30       sf_opaque_terminate_c2_mirageTrackingRobot 0000000180011d30 f   c2_mirageTrackingRobot.obj
 0001:00010dd0       finalize_c2_mirageTrackingRobot 0000000180011dd0 f   c2_mirageTrackingRobot.obj
 0001:00010de0       mdlRTW_c2_mirageTrackingRobot 0000000180011de0 f   c2_mirageTrackingRobot.obj
 0001:00011be0       getChartInfoFromSimStruct  0000000180012be0 f   mirageTrackingRobot_sfun_registry.obj
 0001:00013b00       _ssFatalError              0000000180014b00 f   mirageTrackingRobot_sfun_registry.obj
 0001:00016dd0       ProcessMexSfunctionCmdLineCall 0000000180017dd0 f   mirageTrackingRobot_sfun_registry.obj
 0001:00016fa0       sf_debug_api_wrapper       0000000180017fa0 f   mirageTrackingRobot_sfun_registry.obj
 0001:00016ff0       mdlStart                   0000000180017ff0 f   mirageTrackingRobot_sfun_registry.obj
 0001:00017020       mdl_start_processing       0000000180018020 f   mirageTrackingRobot_sfun_registry.obj
 0001:000170e0       mdlTerminate               00000001800180e0 f   mirageTrackingRobot_sfun_registry.obj
 0001:00017110       mdl_terminate_processing   0000000180018110 f   mirageTrackingRobot_sfun_registry.obj
 0001:00017190       mdlInitializeSampleTimes   0000000180018190 f   mirageTrackingRobot_sfun_registry.obj
 0001:000171c0       mdlZeroCrossings           00000001800181c0 f   mirageTrackingRobot_sfun_registry.obj
 0001:000171f0       mdl_zeroCrossings_processing 00000001800181f0 f   mirageTrackingRobot_sfun_registry.obj
 0001:00017230       mdlDerivatives             0000000180018230 f   mirageTrackingRobot_sfun_registry.obj
 0001:00017260       mdl_derivatives_processing 0000000180018260 f   mirageTrackingRobot_sfun_registry.obj
 0001:000172b0       mdlInitializeConditions    00000001800182b0 f   mirageTrackingRobot_sfun_registry.obj
 0001:000172e0       mdl_initialize_conditions_processing 00000001800182e0 f   mirageTrackingRobot_sfun_registry.obj
 0001:00017330       mdlEnable                  0000000180018330 f   mirageTrackingRobot_sfun_registry.obj
 0001:00017360       mdl_enable_processing      0000000180018360 f   mirageTrackingRobot_sfun_registry.obj
 0001:000173a0       mdlDisable                 00000001800183a0 f   mirageTrackingRobot_sfun_registry.obj
 0001:000173d0       mdl_disable_processing     00000001800183d0 f   mirageTrackingRobot_sfun_registry.obj
 0001:00017410       mdlOutputs                 0000000180018410 f   mirageTrackingRobot_sfun_registry.obj
 0001:00017440       mdl_outputs_processing     0000000180018440 f   mirageTrackingRobot_sfun_registry.obj
 0001:00017560       mdl_outputs_continuous_legacy 0000000180018560 f   mirageTrackingRobot_sfun_registry.obj
 0001:00017650       mdlUpdate                  0000000180018650 f   mirageTrackingRobot_sfun_registry.obj
 0001:00017680       mdl_update_processing      0000000180018680 f   mirageTrackingRobot_sfun_registry.obj
 0001:000176e0       mdlGetTimeOfNextVarHit     00000001800186e0 f   mirageTrackingRobot_sfun_registry.obj
 0001:00017730       _ProcessMexSfunctionCmdLineCall 0000000180018730 f   mirageTrackingRobot_sfun_registry.obj
 0001:00017e90       mdlSetWorkWidths           0000000180018e90 f   mirageTrackingRobot_sfun_registry.obj
 0001:00017ec0       mdlProcessParameters       0000000180018ec0 f   mirageTrackingRobot_sfun_registry.obj
 0001:00017ef0       mdlInitializeSizes         0000000180018ef0 f   mirageTrackingRobot_sfun_registry.obj
 0001:00017f20       mdlExtModeExec             0000000180018f20 f   mirageTrackingRobot_sfun_registry.obj
 0001:00017f50       mdl_ext_mode_exec_processing 0000000180018f50 f   mirageTrackingRobot_sfun_registry.obj
 0001:00017f90       mdlRTW                     0000000180018f90 f   mirageTrackingRobot_sfun_registry.obj
 0001:00017fd0       _CreateSimStruct           0000000180018fd0 f   mirageTrackingRobot_sfun_registry.obj
 0001:00018160       _RegNumInputPortsCB        0000000180019160 f   mirageTrackingRobot_sfun_registry.obj
 0001:000181e0       _RegNumOutputPortsCB       00000001800191e0 f   mirageTrackingRobot_sfun_registry.obj
 0001:00018808       pre_c_init                 0000000180019808 f   MSVCRT:crtdll.obj
 0001:00018ac4       __DllMainCRTStartup        0000000180019ac4 f   MSVCRT:crtdll.obj
 0001:00019130       __DllMainCRTStartup$filt$0 000000018001a130 f   MSVCRT:crtdll.obj
 0001:00019160       __DllMainCRTStartup$fin$1  000000018001a160 f   MSVCRT:crtdll.obj
 0001:0001917a       _onexit$fin$0              000000018001a17a f   MSVCRT:atonexit.obj
 0001:000191a0       _IsNonwritableInCurrentImage$filt$0 000000018001a1a0 f   MSVCRT:pesect.obj
